<?xml version="1.0"?>
<link_info>
   <banner>TI ARM Linker PC v5.1.7</banner>
   <copyright>Copyright (c) 1996-2014 Texas Instruments Incorporated</copyright>
   <link_time>0x540a5040</link_time>
   <link_errors>0x0</link_errors>
   <output_file>RemoteSwitch.out</output_file>
   <entry_point>
      <name>_c_int00</name>
      <address>0x200063a9</address>
   </entry_point>
   <input_file_list>
      <input_file id="fl-2">
         <path>.\</path>
         <kind>object</kind>
         <file>gpio_if.obj</file>
         <name>gpio_if.obj</name>
      </input_file>
      <input_file id="fl-3">
         <path>.\</path>
         <kind>object</kind>
         <file>main.obj</file>
         <name>main.obj</name>
      </input_file>
      <input_file id="fl-4">
         <path>.\</path>
         <kind>object</kind>
         <file>pin_mux_config.obj</file>
         <name>pin_mux_config.obj</name>
      </input_file>
      <input_file id="fl-5">
         <path>.\</path>
         <kind>object</kind>
         <file>startup_ccs.obj</file>
         <name>startup_ccs.obj</name>
      </input_file>
      <input_file id="fl-133">
         <path>c:\ti\ccsv6\tools\compiler\arm_5.1.7\lib\</path>
         <kind>archive</kind>
         <file>rtsv7M4_T_le_v4SPD16_eabi.lib</file>
         <name>boot.obj</name>
      </input_file>
      <input_file id="fl-134">
         <path>c:\ti\ccsv6\tools\compiler\arm_5.1.7\lib\</path>
         <kind>archive</kind>
         <file>rtsv7M4_T_le_v4SPD16_eabi.lib</file>
         <name>copy_decompress_none.obj</name>
      </input_file>
      <input_file id="fl-135">
         <path>c:\ti\ccsv6\tools\compiler\arm_5.1.7\lib\</path>
         <kind>archive</kind>
         <file>rtsv7M4_T_le_v4SPD16_eabi.lib</file>
         <name>copy_decompress_rle.obj</name>
      </input_file>
      <input_file id="fl-136">
         <path>c:\ti\ccsv6\tools\compiler\arm_5.1.7\lib\</path>
         <kind>archive</kind>
         <file>rtsv7M4_T_le_v4SPD16_eabi.lib</file>
         <name>copy_zero_init.obj</name>
      </input_file>
      <input_file id="fl-137">
         <path>c:\ti\ccsv6\tools\compiler\arm_5.1.7\lib\</path>
         <kind>archive</kind>
         <file>rtsv7M4_T_le_v4SPD16_eabi.lib</file>
         <name>exit.obj</name>
      </input_file>
      <input_file id="fl-138">
         <path>c:\ti\ccsv6\tools\compiler\arm_5.1.7\lib\</path>
         <kind>archive</kind>
         <file>rtsv7M4_T_le_v4SPD16_eabi.lib</file>
         <name>memcpy_t2.obj</name>
      </input_file>
      <input_file id="fl-139">
         <path>c:\ti\ccsv6\tools\compiler\arm_5.1.7\lib\</path>
         <kind>archive</kind>
         <file>rtsv7M4_T_le_v4SPD16_eabi.lib</file>
         <name>stkdepth_vars.obj</name>
      </input_file>
      <input_file id="fl-13a">
         <path>c:\ti\ccsv6\tools\compiler\arm_5.1.7\lib\</path>
         <kind>archive</kind>
         <file>rtsv7M4_T_le_v4SPD16_eabi.lib</file>
         <name>_lock.obj</name>
      </input_file>
      <input_file id="fl-13b">
         <path>c:\ti\ccsv6\tools\compiler\arm_5.1.7\lib\</path>
         <kind>archive</kind>
         <file>rtsv7M4_T_le_v4SPD16_eabi.lib</file>
         <name>args_main.obj</name>
      </input_file>
      <input_file id="fl-13c">
         <path>c:\ti\ccsv6\tools\compiler\arm_5.1.7\lib\</path>
         <kind>archive</kind>
         <file>rtsv7M4_T_le_v4SPD16_eabi.lib</file>
         <name>auto_init.obj</name>
      </input_file>
      <input_file id="fl-13d">
         <path>c:\ti\ccsv6\tools\compiler\arm_5.1.7\lib\</path>
         <kind>archive</kind>
         <file>rtsv7M4_T_le_v4SPD16_eabi.lib</file>
         <name>cpy_tbl.obj</name>
      </input_file>
      <input_file id="fl-13e">
         <path>C:\ti\CC3200SDK\cc3200-sdk\driverlib\ccs\Release\</path>
         <kind>archive</kind>
         <file>driverlib.a</file>
         <name>utils.obj</name>
      </input_file>
      <input_file id="fl-13f">
         <path>C:\ti\CC3200SDK\cc3200-sdk\driverlib\ccs\Release\</path>
         <kind>archive</kind>
         <file>driverlib.a</file>
         <name>prcm.obj</name>
      </input_file>
      <input_file id="fl-140">
         <path>C:\ti\CC3200SDK\cc3200-sdk\driverlib\ccs\Release\</path>
         <kind>archive</kind>
         <file>driverlib.a</file>
         <name>pin.obj</name>
      </input_file>
      <input_file id="fl-141">
         <path>C:\ti\CC3200SDK\cc3200-sdk\driverlib\ccs\Release\</path>
         <kind>archive</kind>
         <file>driverlib.a</file>
         <name>interrupt.obj</name>
      </input_file>
      <input_file id="fl-142">
         <path>C:\ti\CC3200SDK\cc3200-sdk\driverlib\ccs\Release\</path>
         <kind>archive</kind>
         <file>driverlib.a</file>
         <name>gpio.obj</name>
      </input_file>
      <input_file id="fl-143">
         <path>C:\ti\CC3200SDK\cc3200-sdk\driverlib\ccs\Release\</path>
         <kind>archive</kind>
         <file>driverlib.a</file>
         <name>flash.obj</name>
      </input_file>
      <input_file id="fl-144">
         <path>C:\ti\CC3200SDK\cc3200-sdk\driverlib\ccs\Release\</path>
         <kind>archive</kind>
         <file>driverlib.a</file>
         <name>cpu.obj</name>
      </input_file>
      <input_file id="fl-145">
         <path>c:\ti\ccsv6\tools\compiler\arm_5.1.7\lib\</path>
         <kind>archive</kind>
         <file>rtsv7M4_T_le_v4SPD16_eabi.lib</file>
         <name>ll_lsr_t2.obj</name>
      </input_file>
      <input_file id="fl-146">
         <path>c:\ti\ccsv6\tools\compiler\arm_5.1.7\lib\</path>
         <kind>archive</kind>
         <file>rtsv7M4_T_le_v4SPD16_eabi.lib</file>
         <name>ull_div_t2.obj</name>
      </input_file>
   </input_file_list>
   <object_component_list>
      <object_component id="oc-e">
         <name>.intvecs</name>
         <load_address>0x20004000</load_address>
         <run_address>0x20004000</run_address>
         <size>0x400</size>
         <input_file_ref idref="fl-5"/>
      </object_component>
      <object_component id="oc-a3">
         <name>.text</name>
         <load_address>0x20004400</load_address>
         <run_address>0x20004400</run_address>
         <size>0x98c</size>
         <input_file_ref idref="fl-13f"/>
      </object_component>
      <object_component id="oc-9d">
         <name>.text</name>
         <load_address>0x20004d8c</load_address>
         <run_address>0x20004d8c</run_address>
         <size>0x370</size>
         <input_file_ref idref="fl-141"/>
      </object_component>
      <object_component id="oc-af">
         <name>.text</name>
         <load_address>0x200050fc</load_address>
         <run_address>0x200050fc</run_address>
         <size>0x354</size>
         <input_file_ref idref="fl-2"/>
      </object_component>
      <object_component id="oc-108">
         <name>.text</name>
         <load_address>0x20005450</load_address>
         <run_address>0x20005450</run_address>
         <size>0x334</size>
         <input_file_ref idref="fl-142"/>
      </object_component>
      <object_component id="oc-f7">
         <name>.text</name>
         <load_address>0x20005784</load_address>
         <run_address>0x20005784</run_address>
         <size>0x300</size>
         <input_file_ref idref="fl-143"/>
      </object_component>
      <object_component id="oc-102">
         <name>.text</name>
         <load_address>0x20005a84</load_address>
         <run_address>0x20005a84</run_address>
         <size>0x284</size>
         <input_file_ref idref="fl-140"/>
      </object_component>
      <object_component id="oc-a9">
         <name>.text</name>
         <load_address>0x20005d08</load_address>
         <run_address>0x20005d08</run_address>
         <size>0x248</size>
         <input_file_ref idref="fl-4"/>
      </object_component>
      <object_component id="oc-ed">
         <name>.text</name>
         <load_address>0x20005f50</load_address>
         <run_address>0x20005f50</run_address>
         <size>0x1f4</size>
         <input_file_ref idref="fl-146"/>
      </object_component>
      <object_component id="oc-47">
         <name>.text</name>
         <load_address>0x20006144</load_address>
         <run_address>0x20006144</run_address>
         <size>0x9c</size>
         <input_file_ref idref="fl-138"/>
      </object_component>
      <object_component id="oc-32">
         <name>.text</name>
         <load_address>0x200061e0</load_address>
         <run_address>0x200061e0</run_address>
         <size>0x94</size>
         <input_file_ref idref="fl-13c"/>
      </object_component>
      <object_component id="oc-76">
         <name>.text</name>
         <load_address>0x20006274</load_address>
         <run_address>0x20006274</run_address>
         <size>0x78</size>
         <input_file_ref idref="fl-3"/>
      </object_component>
      <object_component id="oc-da">
         <name>.text</name>
         <load_address>0x200062ec</load_address>
         <run_address>0x200062ec</run_address>
         <size>0x5e</size>
         <input_file_ref idref="fl-144"/>
      </object_component>
      <object_component id="oc-5a">
         <name>.text</name>
         <load_address>0x2000634a</load_address>
         <run_address>0x2000634a</run_address>
         <size>0x5e</size>
         <input_file_ref idref="fl-135"/>
      </object_component>
      <object_component id="oc-11">
         <name>.text</name>
         <load_address>0x200063a8</load_address>
         <run_address>0x200063a8</run_address>
         <size>0x48</size>
         <input_file_ref idref="fl-133"/>
      </object_component>
      <object_component id="oc-6f">
         <name>.text</name>
         <load_address>0x200063f0</load_address>
         <run_address>0x200063f0</run_address>
         <size>0x44</size>
         <input_file_ref idref="fl-13d"/>
      </object_component>
      <object_component id="oc-3d">
         <name>.text</name>
         <load_address>0x20006434</load_address>
         <run_address>0x20006434</run_address>
         <size>0x44</size>
         <input_file_ref idref="fl-137"/>
      </object_component>
      <object_component id="oc-f2">
         <name>.text</name>
         <load_address>0x20006478</load_address>
         <run_address>0x20006478</run_address>
         <size>0x1e</size>
         <input_file_ref idref="fl-145"/>
      </object_component>
      <object_component id="oc-37">
         <name>.text</name>
         <load_address>0x20006498</load_address>
         <run_address>0x20006498</run_address>
         <size>0x18</size>
         <input_file_ref idref="fl-13b"/>
      </object_component>
      <object_component id="oc-c5">
         <name>.text</name>
         <load_address>0x200064b0</load_address>
         <run_address>0x200064b0</run_address>
         <size>0x14</size>
         <input_file_ref idref="fl-13a"/>
      </object_component>
      <object_component id="oc-1c">
         <name>.text:decompress:ZI</name>
         <load_address>0x200064c4</load_address>
         <run_address>0x200064c4</run_address>
         <size>0x12</size>
         <input_file_ref idref="fl-136"/>
      </object_component>
      <object_component id="oc-16">
         <name>.text:decompress:none</name>
         <load_address>0x200064d6</load_address>
         <run_address>0x200064d6</run_address>
         <size>0xe</size>
         <input_file_ref idref="fl-134"/>
      </object_component>
      <object_component id="oc-29">
         <name>.text</name>
         <load_address>0x200064e4</load_address>
         <run_address>0x200064e4</run_address>
         <size>0xe</size>
         <input_file_ref idref="fl-5"/>
      </object_component>
      <object_component id="oc-b5">
         <name>.text:UtilsDelay</name>
         <load_address>0x200064f2</load_address>
         <run_address>0x200064f2</run_address>
         <size>0x6</size>
         <input_file_ref idref="fl-13e"/>
      </object_component>
      <object_component id="oc-22">
         <name>.text:decompress:rle24</name>
         <load_address>0x200064f8</load_address>
         <run_address>0x200064f8</run_address>
         <size>0x6</size>
         <input_file_ref idref="fl-135"/>
      </object_component>
      <object_component id="oc-13e">
         <name>.const:g_ulPinToPadMap</name>
         <load_address>0x20006500</load_address>
         <run_address>0x20006500</run_address>
         <size>0x100</size>
         <input_file_ref idref="fl-140"/>
      </object_component>
      <object_component id="oc-e3">
         <name>.const:g_pulRegs</name>
         <load_address>0x20006600</load_address>
         <run_address>0x20006600</run_address>
         <size>0xd4</size>
         <input_file_ref idref="fl-141"/>
      </object_component>
      <object_component id="oc-fd">
         <name>.const:PRCM_PeriphRegsList</name>
         <load_address>0x200066d4</load_address>
         <run_address>0x200066d4</run_address>
         <size>0xa0</size>
         <input_file_ref idref="fl-13f"/>
      </object_component>
      <object_component id="oc-e0">
         <name>.const</name>
         <load_address>0x20006774</load_address>
         <run_address>0x20006774</run_address>
         <size>0x80</size>
         <input_file_ref idref="fl-141"/>
      </object_component>
      <object_component id="oc-12b">
         <name>.const:g_pulFMPPERegs</name>
         <load_address>0x200067f4</load_address>
         <run_address>0x200067f4</run_address>
         <size>0x40</size>
         <input_file_ref idref="fl-143"/>
      </object_component>
      <object_component id="oc-128">
         <name>.const:g_pulFMPRERegs</name>
         <load_address>0x20006834</load_address>
         <run_address>0x20006834</run_address>
         <size>0x40</size>
         <input_file_ref idref="fl-143"/>
      </object_component>
      <object_component id="oc-b6">
         <name>.const</name>
         <load_address>0x20006874</load_address>
         <run_address>0x20006874</run_address>
         <size>0x1</size>
         <input_file_ref idref="fl-3"/>
      </object_component>
      <object_component id="oc-173">
         <name>.cinit..data.load</name>
         <load_address>0x20006878</load_address>
         <run_address>0x20006878</run_address>
         <size>0x24</size>
      </object_component>
      <object_component id="oc-171">
         <name>__TI_handler_table</name>
         <load_address>0x2000689c</load_address>
         <run_address>0x2000689c</run_address>
         <size>0xc</size>
      </object_component>
      <object_component id="oc-174">
         <name>.cinit..bss.load</name>
         <load_address>0x200068a8</load_address>
         <run_address>0x200068a8</run_address>
         <size>0x8</size>
      </object_component>
      <object_component id="oc-172">
         <name>__TI_cinit_table</name>
         <load_address>0x200068b0</load_address>
         <run_address>0x200068b0</run_address>
         <size>0x10</size>
      </object_component>
      <object_component id="oc-43">
         <name>.data</name>
         <load_address>0x2001702c</load_address>
         <run_address>0x2001702c</run_address>
         <size>0x4</size>
         <input_file_ref idref="fl-139"/>
      </object_component>
      <object_component id="oc-7e">
         <name>.data</name>
         <load_address>0x2001701c</load_address>
         <run_address>0x2001701c</run_address>
         <size>0x8</size>
         <input_file_ref idref="fl-13a"/>
      </object_component>
      <object_component id="oc-81">
         <name>.data</name>
         <load_address>0x20017024</load_address>
         <run_address>0x20017024</run_address>
         <size>0x8</size>
         <input_file_ref idref="fl-137"/>
      </object_component>
      <object_component id="oc-10f">
         <name>.data</name>
         <load_address>0x20017000</load_address>
         <run_address>0x20017000</run_address>
         <size>0x1c</size>
         <input_file_ref idref="fl-2"/>
      </object_component>
      <object_component id="oc-112">
         <name>.common:g_ucLED1Pin</name>
         <uninitialized>true</uninitialized>
         <run_address>0x20017035</run_address>
         <size>0x1</size>
      </object_component>
      <object_component id="oc-115">
         <name>.common:g_ucLED2Pin</name>
         <uninitialized>true</uninitialized>
         <run_address>0x20017036</run_address>
         <size>0x1</size>
      </object_component>
      <object_component id="oc-116">
         <name>.common:g_ucLED3Pin</name>
         <uninitialized>true</uninitialized>
         <run_address>0x20017037</run_address>
         <size>0x1</size>
      </object_component>
      <object_component id="oc-b9">
         <name>.common:extLedPort</name>
         <uninitialized>true</uninitialized>
         <run_address>0x20017030</run_address>
         <size>0x4</size>
      </object_component>
      <object_component id="oc-bc">
         <name>.common:extLedPin</name>
         <uninitialized>true</uninitialized>
         <run_address>0x20017034</run_address>
         <size>0x1</size>
      </object_component>
      <object_component id="oc-28">
         <name>.stack</name>
         <uninitialized>true</uninitialized>
         <run_address>0x2002f800</run_address>
         <size>0x0</size>
         <input_file_ref idref="fl-133"/>
      </object_component>
      <object_component id="oc-175">
         <name>.stack</name>
         <uninitialized>true</uninitialized>
         <run_address>0x2002f800</run_address>
         <size>0x0</size>
      </object_component>
      <object_component id="oc-f">
         <name>.debug_info</name>
         <load_address>0x0</load_address>
         <run_address>0x0</run_address>
         <size>0xc7</size>
         <input_file_ref idref="fl-5"/>
      </object_component>
      <object_component id="oc-12">
         <name>.debug_info</name>
         <load_address>0xc7</load_address>
         <run_address>0xc7</run_address>
         <size>0xf3</size>
         <input_file_ref idref="fl-133"/>
      </object_component>
      <object_component id="oc-17">
         <name>.debug_info</name>
         <load_address>0x1ba</load_address>
         <run_address>0x1ba</run_address>
         <size>0x194</size>
         <input_file_ref idref="fl-134"/>
      </object_component>
      <object_component id="oc-1e">
         <name>.debug_info</name>
         <load_address>0x34e</load_address>
         <run_address>0x34e</run_address>
         <size>0x16a</size>
         <input_file_ref idref="fl-136"/>
      </object_component>
      <object_component id="oc-24">
         <name>.debug_info</name>
         <load_address>0x4b8</load_address>
         <run_address>0x4b8</run_address>
         <size>0x18e</size>
         <input_file_ref idref="fl-135"/>
      </object_component>
      <object_component id="oc-2a">
         <name>.debug_info</name>
         <load_address>0x646</load_address>
         <run_address>0x646</run_address>
         <size>0x226</size>
         <input_file_ref idref="fl-5"/>
      </object_component>
      <object_component id="oc-31">
         <name>.debug_info</name>
         <load_address>0x86c</load_address>
         <run_address>0x86c</run_address>
         <size>0xdc</size>
         <input_file_ref idref="fl-5"/>
      </object_component>
      <object_component id="oc-33">
         <name>.debug_info</name>
         <load_address>0x948</load_address>
         <run_address>0x948</run_address>
         <size>0x13d</size>
         <input_file_ref idref="fl-13c"/>
      </object_component>
      <object_component id="oc-3a">
         <name>.debug_info</name>
         <load_address>0xa85</load_address>
         <run_address>0xa85</run_address>
         <size>0x11c</size>
         <input_file_ref idref="fl-13b"/>
      </object_component>
      <object_component id="oc-3f">
         <name>.debug_info</name>
         <load_address>0xba1</load_address>
         <run_address>0xba1</run_address>
         <size>0x1c2</size>
         <input_file_ref idref="fl-137"/>
      </object_component>
      <object_component id="oc-44">
         <name>.debug_info</name>
         <load_address>0xd63</load_address>
         <run_address>0xd63</run_address>
         <size>0xbe</size>
         <input_file_ref idref="fl-139"/>
      </object_component>
      <object_component id="oc-49">
         <name>.debug_info</name>
         <load_address>0xe21</load_address>
         <run_address>0xe21</run_address>
         <size>0xcc</size>
         <input_file_ref idref="fl-138"/>
      </object_component>
      <object_component id="oc-4d">
         <name>.debug_info</name>
         <load_address>0xeed</load_address>
         <run_address>0xeed</run_address>
         <size>0x46</size>
         <input_file_ref idref="fl-134"/>
      </object_component>
      <object_component id="oc-52">
         <name>.debug_info</name>
         <load_address>0xf33</load_address>
         <run_address>0xf33</run_address>
         <size>0xf2</size>
         <input_file_ref idref="fl-134"/>
      </object_component>
      <object_component id="oc-54">
         <name>.debug_info</name>
         <load_address>0x1025</load_address>
         <run_address>0x1025</run_address>
         <size>0x46</size>
         <input_file_ref idref="fl-136"/>
      </object_component>
      <object_component id="oc-59">
         <name>.debug_info</name>
         <load_address>0x106b</load_address>
         <run_address>0x106b</run_address>
         <size>0xad</size>
         <input_file_ref idref="fl-136"/>
      </object_component>
      <object_component id="oc-5d">
         <name>.debug_info</name>
         <load_address>0x1118</load_address>
         <run_address>0x1118</run_address>
         <size>0x1ef</size>
         <input_file_ref idref="fl-135"/>
      </object_component>
      <object_component id="oc-61">
         <name>.debug_info</name>
         <load_address>0x1307</load_address>
         <run_address>0x1307</run_address>
         <size>0xb7</size>
         <input_file_ref idref="fl-135"/>
      </object_component>
      <object_component id="oc-62">
         <name>.debug_info</name>
         <load_address>0x13be</load_address>
         <run_address>0x13be</run_address>
         <size>0x39</size>
         <input_file_ref idref="fl-135"/>
      </object_component>
      <object_component id="oc-6a">
         <name>.debug_info</name>
         <load_address>0x13f7</load_address>
         <run_address>0x13f7</run_address>
         <size>0x84</size>
         <input_file_ref idref="fl-2"/>
      </object_component>
      <object_component id="oc-71">
         <name>.debug_info</name>
         <load_address>0x147b</load_address>
         <run_address>0x147b</run_address>
         <size>0x14b</size>
         <input_file_ref idref="fl-13d"/>
      </object_component>
      <object_component id="oc-77">
         <name>.debug_info</name>
         <load_address>0x15c6</load_address>
         <run_address>0x15c6</run_address>
         <size>0x1f2</size>
         <input_file_ref idref="fl-3"/>
      </object_component>
      <object_component id="oc-7d">
         <name>.debug_info</name>
         <load_address>0x17b8</load_address>
         <run_address>0x17b8</run_address>
         <size>0x11b</size>
         <input_file_ref idref="fl-13b"/>
      </object_component>
      <object_component id="oc-7f">
         <name>.debug_info</name>
         <load_address>0x18d3</load_address>
         <run_address>0x18d3</run_address>
         <size>0xc8</size>
         <input_file_ref idref="fl-13a"/>
      </object_component>
      <object_component id="oc-82">
         <name>.debug_info</name>
         <load_address>0x199b</load_address>
         <run_address>0x199b</run_address>
         <size>0xeb</size>
         <input_file_ref idref="fl-137"/>
      </object_component>
      <object_component id="oc-85">
         <name>.debug_info</name>
         <load_address>0x1a86</load_address>
         <run_address>0x1a86</run_address>
         <size>0x146</size>
         <input_file_ref idref="fl-137"/>
      </object_component>
      <object_component id="oc-8a">
         <name>.debug_info</name>
         <load_address>0x1bcc</load_address>
         <run_address>0x1bcc</run_address>
         <size>0x2c</size>
         <input_file_ref idref="fl-134"/>
      </object_component>
      <object_component id="oc-91">
         <name>.debug_info</name>
         <load_address>0x1bf8</load_address>
         <run_address>0x1bf8</run_address>
         <size>0x2c</size>
         <input_file_ref idref="fl-136"/>
      </object_component>
      <object_component id="oc-9c">
         <name>.debug_info</name>
         <load_address>0x1c24</load_address>
         <run_address>0x1c24</run_address>
         <size>0x148</size>
         <input_file_ref idref="fl-13d"/>
      </object_component>
      <object_component id="oc-9f">
         <name>.debug_info</name>
         <load_address>0x1d6c</load_address>
         <run_address>0x1d6c</run_address>
         <size>0xde5</size>
         <input_file_ref idref="fl-141"/>
      </object_component>
      <object_component id="oc-a4">
         <name>.debug_info</name>
         <load_address>0x2b51</load_address>
         <run_address>0x2b51</run_address>
         <size>0x25e2</size>
         <input_file_ref idref="fl-13f"/>
      </object_component>
      <object_component id="oc-ac">
         <name>.debug_info</name>
         <load_address>0x5133</load_address>
         <run_address>0x5133</run_address>
         <size>0x576</size>
         <input_file_ref idref="fl-4"/>
      </object_component>
      <object_component id="oc-b0">
         <name>.debug_info</name>
         <load_address>0x56a9</load_address>
         <run_address>0x56a9</run_address>
         <size>0xa68</size>
         <input_file_ref idref="fl-2"/>
      </object_component>
      <object_component id="oc-b7">
         <name>.debug_info</name>
         <load_address>0x6111</load_address>
         <run_address>0x6111</run_address>
         <size>0xbd</size>
         <input_file_ref idref="fl-3"/>
      </object_component>
      <object_component id="oc-ba">
         <name>.debug_info</name>
         <load_address>0x61ce</load_address>
         <run_address>0x61ce</run_address>
         <size>0x294</size>
         <input_file_ref idref="fl-3"/>
      </object_component>
      <object_component id="oc-c0">
         <name>.debug_info</name>
         <load_address>0x6462</load_address>
         <run_address>0x6462</run_address>
         <size>0x5e</size>
         <input_file_ref idref="fl-13b"/>
      </object_component>
      <object_component id="oc-c6">
         <name>.debug_info</name>
         <load_address>0x64c0</load_address>
         <run_address>0x64c0</run_address>
         <size>0x1d4</size>
         <input_file_ref idref="fl-13a"/>
      </object_component>
      <object_component id="oc-cd">
         <name>.debug_info</name>
         <load_address>0x6694</load_address>
         <run_address>0x6694</run_address>
         <size>0xd9</size>
         <input_file_ref idref="fl-13a"/>
      </object_component>
      <object_component id="oc-d5">
         <name>.debug_info</name>
         <load_address>0x676d</load_address>
         <run_address>0x676d</run_address>
         <size>0xcd</size>
         <input_file_ref idref="fl-13d"/>
      </object_component>
      <object_component id="oc-db">
         <name>.debug_info</name>
         <load_address>0x683a</load_address>
         <run_address>0x683a</run_address>
         <size>0x3fd</size>
         <input_file_ref idref="fl-144"/>
      </object_component>
      <object_component id="oc-e1">
         <name>.debug_info</name>
         <load_address>0x6c37</load_address>
         <run_address>0x6c37</run_address>
         <size>0x190</size>
         <input_file_ref idref="fl-141"/>
      </object_component>
      <object_component id="oc-e4">
         <name>.debug_info</name>
         <load_address>0x6dc7</load_address>
         <run_address>0x6dc7</run_address>
         <size>0xe2</size>
         <input_file_ref idref="fl-141"/>
      </object_component>
      <object_component id="oc-e7">
         <name>.debug_info</name>
         <load_address>0x6ea9</load_address>
         <run_address>0x6ea9</run_address>
         <size>0x2c</size>
         <input_file_ref idref="fl-2"/>
      </object_component>
      <object_component id="oc-ec">
         <name>.debug_info</name>
         <load_address>0x6ed5</load_address>
         <run_address>0x6ed5</run_address>
         <size>0x18d</size>
         <input_file_ref idref="fl-141"/>
      </object_component>
      <object_component id="oc-ee">
         <name>.debug_info</name>
         <load_address>0x7062</load_address>
         <run_address>0x7062</run_address>
         <size>0x13a</size>
         <input_file_ref idref="fl-146"/>
      </object_component>
      <object_component id="oc-f3">
         <name>.debug_info</name>
         <load_address>0x719c</load_address>
         <run_address>0x719c</run_address>
         <size>0xd5</size>
         <input_file_ref idref="fl-145"/>
      </object_component>
      <object_component id="oc-f9">
         <name>.debug_info</name>
         <load_address>0x7271</load_address>
         <run_address>0x7271</run_address>
         <size>0xc3e</size>
         <input_file_ref idref="fl-143"/>
      </object_component>
      <object_component id="oc-fe">
         <name>.debug_info</name>
         <load_address>0x7eaf</load_address>
         <run_address>0x7eaf</run_address>
         <size>0xf1</size>
         <input_file_ref idref="fl-13f"/>
      </object_component>
      <object_component id="oc-101">
         <name>.debug_info</name>
         <load_address>0x7fa0</load_address>
         <run_address>0x7fa0</run_address>
         <size>0x1c4</size>
         <input_file_ref idref="fl-13f"/>
      </object_component>
      <object_component id="oc-103">
         <name>.debug_info</name>
         <load_address>0x8164</load_address>
         <run_address>0x8164</run_address>
         <size>0xfe1</size>
         <input_file_ref idref="fl-140"/>
      </object_component>
      <object_component id="oc-10c">
         <name>.debug_info</name>
         <load_address>0x9145</load_address>
         <run_address>0x9145</run_address>
         <size>0xee3</size>
         <input_file_ref idref="fl-142"/>
      </object_component>
      <object_component id="oc-110">
         <name>.debug_info</name>
         <load_address>0xa028</load_address>
         <run_address>0xa028</run_address>
         <size>0x12f</size>
         <input_file_ref idref="fl-2"/>
      </object_component>
      <object_component id="oc-113">
         <name>.debug_info</name>
         <load_address>0xa157</load_address>
         <run_address>0xa157</run_address>
         <size>0x269</size>
         <input_file_ref idref="fl-2"/>
      </object_component>
      <object_component id="oc-129">
         <name>.debug_info</name>
         <load_address>0xa3c0</load_address>
         <run_address>0xa3c0</run_address>
         <size>0xe8</size>
         <input_file_ref idref="fl-143"/>
      </object_component>
      <object_component id="oc-12c">
         <name>.debug_info</name>
         <load_address>0xa4a8</load_address>
         <run_address>0xa4a8</run_address>
         <size>0xe8</size>
         <input_file_ref idref="fl-143"/>
      </object_component>
      <object_component id="oc-12f">
         <name>.debug_info</name>
         <load_address>0xa590</load_address>
         <run_address>0xa590</run_address>
         <size>0x1ac</size>
         <input_file_ref idref="fl-143"/>
      </object_component>
      <object_component id="oc-130">
         <name>.debug_info</name>
         <load_address>0xa73c</load_address>
         <run_address>0xa73c</run_address>
         <size>0x51</size>
         <input_file_ref idref="fl-13f"/>
      </object_component>
      <object_component id="oc-139">
         <name>.debug_info</name>
         <load_address>0xa78d</load_address>
         <run_address>0xa78d</run_address>
         <size>0x62</size>
         <input_file_ref idref="fl-2"/>
      </object_component>
      <object_component id="oc-13f">
         <name>.debug_info</name>
         <load_address>0xa7ef</load_address>
         <run_address>0xa7ef</run_address>
         <size>0xe8</size>
         <input_file_ref idref="fl-140"/>
      </object_component>
      <object_component id="oc-142">
         <name>.debug_info</name>
         <load_address>0xa8d7</load_address>
         <run_address>0xa8d7</run_address>
         <size>0xda</size>
         <input_file_ref idref="fl-140"/>
      </object_component>
      <object_component id="oc-144">
         <name>.debug_info</name>
         <load_address>0xa9b1</load_address>
         <run_address>0xa9b1</run_address>
         <size>0x16c</size>
         <input_file_ref idref="fl-142"/>
      </object_component>
      <object_component id="oc-176">
         <name>.debug_info</name>
         <load_address>0xab1d</load_address>
         <run_address>0xab1d</run_address>
         <size>0x8e</size>
      </object_component>
      <object_component id="oc-10">
         <name>.debug_pubnames</name>
         <load_address>0x0</load_address>
         <run_address>0x0</run_address>
         <size>0x23</size>
         <input_file_ref idref="fl-5"/>
      </object_component>
      <object_component id="oc-13">
         <name>.debug_pubnames</name>
         <load_address>0x23</load_address>
         <run_address>0x23</run_address>
         <size>0x1f</size>
         <input_file_ref idref="fl-133"/>
      </object_component>
      <object_component id="oc-19">
         <name>.debug_pubnames</name>
         <load_address>0x42</load_address>
         <run_address>0x42</run_address>
         <size>0x2b</size>
         <input_file_ref idref="fl-134"/>
      </object_component>
      <object_component id="oc-1f">
         <name>.debug_pubnames</name>
         <load_address>0x6d</load_address>
         <run_address>0x6d</run_address>
         <size>0x25</size>
         <input_file_ref idref="fl-136"/>
      </object_component>
      <object_component id="oc-26">
         <name>.debug_pubnames</name>
         <load_address>0x92</load_address>
         <run_address>0x92</run_address>
         <size>0x2c</size>
         <input_file_ref idref="fl-135"/>
      </object_component>
      <object_component id="oc-2b">
         <name>.debug_pubnames</name>
         <load_address>0xbe</load_address>
         <run_address>0xbe</run_address>
         <size>0x60</size>
         <input_file_ref idref="fl-5"/>
      </object_component>
      <object_component id="oc-35">
         <name>.debug_pubnames</name>
         <load_address>0x11e</load_address>
         <run_address>0x11e</run_address>
         <size>0x37</size>
         <input_file_ref idref="fl-13c"/>
      </object_component>
      <object_component id="oc-3b">
         <name>.debug_pubnames</name>
         <load_address>0x155</load_address>
         <run_address>0x155</run_address>
         <size>0x21</size>
         <input_file_ref idref="fl-13b"/>
      </object_component>
      <object_component id="oc-40">
         <name>.debug_pubnames</name>
         <load_address>0x176</load_address>
         <run_address>0x176</run_address>
         <size>0x35</size>
         <input_file_ref idref="fl-137"/>
      </object_component>
      <object_component id="oc-45">
         <name>.debug_pubnames</name>
         <load_address>0x1ab</load_address>
         <run_address>0x1ab</run_address>
         <size>0x23</size>
         <input_file_ref idref="fl-139"/>
      </object_component>
      <object_component id="oc-4a">
         <name>.debug_pubnames</name>
         <load_address>0x1ce</load_address>
         <run_address>0x1ce</run_address>
         <size>0x1d</size>
         <input_file_ref idref="fl-138"/>
      </object_component>
      <object_component id="oc-5f">
         <name>.debug_pubnames</name>
         <load_address>0x1eb</load_address>
         <run_address>0x1eb</run_address>
         <size>0x2f</size>
         <input_file_ref idref="fl-135"/>
      </object_component>
      <object_component id="oc-73">
         <name>.debug_pubnames</name>
         <load_address>0x21a</load_address>
         <run_address>0x21a</run_address>
         <size>0x1e</size>
         <input_file_ref idref="fl-13d"/>
      </object_component>
      <object_component id="oc-79">
         <name>.debug_pubnames</name>
         <load_address>0x238</load_address>
         <run_address>0x238</run_address>
         <size>0x28</size>
         <input_file_ref idref="fl-3"/>
      </object_component>
      <object_component id="oc-80">
         <name>.debug_pubnames</name>
         <load_address>0x260</load_address>
         <run_address>0x260</run_address>
         <size>0x28</size>
         <input_file_ref idref="fl-13a"/>
      </object_component>
      <object_component id="oc-83">
         <name>.debug_pubnames</name>
         <load_address>0x288</load_address>
         <run_address>0x288</run_address>
         <size>0x3a</size>
         <input_file_ref idref="fl-137"/>
      </object_component>
      <object_component id="oc-a0">
         <name>.debug_pubnames</name>
         <load_address>0x2c2</load_address>
         <run_address>0x2c2</run_address>
         <size>0x14f</size>
         <input_file_ref idref="fl-141"/>
      </object_component>
      <object_component id="oc-a5">
         <name>.debug_pubnames</name>
         <load_address>0x411</load_address>
         <run_address>0x411</run_address>
         <size>0x42d</size>
         <input_file_ref idref="fl-13f"/>
      </object_component>
      <object_component id="oc-ae">
         <name>.debug_pubnames</name>
         <load_address>0x83e</load_address>
         <run_address>0x83e</run_address>
         <size>0x23</size>
         <input_file_ref idref="fl-4"/>
      </object_component>
      <object_component id="oc-b1">
         <name>.debug_pubnames</name>
         <load_address>0x861</load_address>
         <run_address>0x861</run_address>
         <size>0xd4</size>
         <input_file_ref idref="fl-2"/>
      </object_component>
      <object_component id="oc-b8">
         <name>.debug_pubnames</name>
         <load_address>0x935</load_address>
         <run_address>0x935</run_address>
         <size>0x22</size>
         <input_file_ref idref="fl-3"/>
      </object_component>
      <object_component id="oc-bb">
         <name>.debug_pubnames</name>
         <load_address>0x957</load_address>
         <run_address>0x957</run_address>
         <size>0x2f</size>
         <input_file_ref idref="fl-3"/>
      </object_component>
      <object_component id="oc-c8">
         <name>.debug_pubnames</name>
         <load_address>0x986</load_address>
         <run_address>0x986</run_address>
         <size>0x43</size>
         <input_file_ref idref="fl-13a"/>
      </object_component>
      <object_component id="oc-dd">
         <name>.debug_pubnames</name>
         <load_address>0x9c9</load_address>
         <run_address>0x9c9</run_address>
         <size>0x6a</size>
         <input_file_ref idref="fl-144"/>
      </object_component>
      <object_component id="oc-e2">
         <name>.debug_pubnames</name>
         <load_address>0xa33</load_address>
         <run_address>0xa33</run_address>
         <size>0x6b</size>
         <input_file_ref idref="fl-141"/>
      </object_component>
      <object_component id="oc-e5">
         <name>.debug_pubnames</name>
         <load_address>0xa9e</load_address>
         <run_address>0xa9e</run_address>
         <size>0x20</size>
         <input_file_ref idref="fl-141"/>
      </object_component>
      <object_component id="oc-ef">
         <name>.debug_pubnames</name>
         <load_address>0xabe</load_address>
         <run_address>0xabe</run_address>
         <size>0x39</size>
         <input_file_ref idref="fl-146"/>
      </object_component>
      <object_component id="oc-f4">
         <name>.debug_pubnames</name>
         <load_address>0xaf7</load_address>
         <run_address>0xaf7</run_address>
         <size>0x23</size>
         <input_file_ref idref="fl-145"/>
      </object_component>
      <object_component id="oc-fa">
         <name>.debug_pubnames</name>
         <load_address>0xb1a</load_address>
         <run_address>0xb1a</run_address>
         <size>0x136</size>
         <input_file_ref idref="fl-143"/>
      </object_component>
      <object_component id="oc-ff">
         <name>.debug_pubnames</name>
         <load_address>0xc50</load_address>
         <run_address>0xc50</run_address>
         <size>0x2a</size>
         <input_file_ref idref="fl-13f"/>
      </object_component>
      <object_component id="oc-105">
         <name>.debug_pubnames</name>
         <load_address>0xc7a</load_address>
         <run_address>0xc7a</run_address>
         <size>0x107</size>
         <input_file_ref idref="fl-140"/>
      </object_component>
      <object_component id="oc-10d">
         <name>.debug_pubnames</name>
         <load_address>0xd81</load_address>
         <run_address>0xd81</run_address>
         <size>0x139</size>
         <input_file_ref idref="fl-142"/>
      </object_component>
      <object_component id="oc-111">
         <name>.debug_pubnames</name>
         <load_address>0xeba</load_address>
         <run_address>0xeba</run_address>
         <size>0x4f</size>
         <input_file_ref idref="fl-2"/>
      </object_component>
      <object_component id="oc-114">
         <name>.debug_pubnames</name>
         <load_address>0xf09</load_address>
         <run_address>0xf09</run_address>
         <size>0x42</size>
         <input_file_ref idref="fl-2"/>
      </object_component>
      <object_component id="oc-12a">
         <name>.debug_pubnames</name>
         <load_address>0xf4b</load_address>
         <run_address>0xf4b</run_address>
         <size>0x25</size>
         <input_file_ref idref="fl-143"/>
      </object_component>
      <object_component id="oc-12d">
         <name>.debug_pubnames</name>
         <load_address>0xf70</load_address>
         <run_address>0xf70</run_address>
         <size>0x25</size>
         <input_file_ref idref="fl-143"/>
      </object_component>
      <object_component id="oc-140">
         <name>.debug_pubnames</name>
         <load_address>0xf95</load_address>
         <run_address>0xf95</run_address>
         <size>0x26</size>
         <input_file_ref idref="fl-140"/>
      </object_component>
      <object_component id="oc-14">
         <name>.debug_aranges</name>
         <load_address>0x0</load_address>
         <run_address>0x0</run_address>
         <size>0x20</size>
         <input_file_ref idref="fl-133"/>
      </object_component>
      <object_component id="oc-18">
         <name>.debug_aranges</name>
         <load_address>0x20</load_address>
         <run_address>0x20</run_address>
         <size>0x20</size>
         <input_file_ref idref="fl-134"/>
      </object_component>
      <object_component id="oc-20">
         <name>.debug_aranges</name>
         <load_address>0x40</load_address>
         <run_address>0x40</run_address>
         <size>0x20</size>
         <input_file_ref idref="fl-136"/>
      </object_component>
      <object_component id="oc-25">
         <name>.debug_aranges</name>
         <load_address>0x60</load_address>
         <run_address>0x60</run_address>
         <size>0x20</size>
         <input_file_ref idref="fl-135"/>
      </object_component>
      <object_component id="oc-2c">
         <name>.debug_aranges</name>
         <load_address>0x80</load_address>
         <run_address>0x80</run_address>
         <size>0x40</size>
         <input_file_ref idref="fl-5"/>
      </object_component>
      <object_component id="oc-34">
         <name>.debug_aranges</name>
         <load_address>0xc0</load_address>
         <run_address>0xc0</run_address>
         <size>0x28</size>
         <input_file_ref idref="fl-13c"/>
      </object_component>
      <object_component id="oc-38">
         <name>.debug_aranges</name>
         <load_address>0xe8</load_address>
         <run_address>0xe8</run_address>
         <size>0x20</size>
         <input_file_ref idref="fl-13b"/>
      </object_component>
      <object_component id="oc-3e">
         <name>.debug_aranges</name>
         <load_address>0x108</load_address>
         <run_address>0x108</run_address>
         <size>0x30</size>
         <input_file_ref idref="fl-137"/>
      </object_component>
      <object_component id="oc-48">
         <name>.debug_aranges</name>
         <load_address>0x138</load_address>
         <run_address>0x138</run_address>
         <size>0x20</size>
         <input_file_ref idref="fl-138"/>
      </object_component>
      <object_component id="oc-5e">
         <name>.debug_aranges</name>
         <load_address>0x158</load_address>
         <run_address>0x158</run_address>
         <size>0x20</size>
         <input_file_ref idref="fl-135"/>
      </object_component>
      <object_component id="oc-72">
         <name>.debug_aranges</name>
         <load_address>0x178</load_address>
         <run_address>0x178</run_address>
         <size>0x20</size>
         <input_file_ref idref="fl-13d"/>
      </object_component>
      <object_component id="oc-78">
         <name>.debug_aranges</name>
         <load_address>0x198</load_address>
         <run_address>0x198</run_address>
         <size>0x28</size>
         <input_file_ref idref="fl-3"/>
      </object_component>
      <object_component id="oc-a1">
         <name>.debug_aranges</name>
         <load_address>0x1c0</load_address>
         <run_address>0x1c0</run_address>
         <size>0x98</size>
         <input_file_ref idref="fl-141"/>
      </object_component>
      <object_component id="oc-a6">
         <name>.debug_aranges</name>
         <load_address>0x258</load_address>
         <run_address>0x258</run_address>
         <size>0x170</size>
         <input_file_ref idref="fl-13f"/>
      </object_component>
      <object_component id="oc-ad">
         <name>.debug_aranges</name>
         <load_address>0x3c8</load_address>
         <run_address>0x3c8</run_address>
         <size>0x20</size>
         <input_file_ref idref="fl-4"/>
      </object_component>
      <object_component id="oc-b2">
         <name>.debug_aranges</name>
         <load_address>0x3e8</load_address>
         <run_address>0x3e8</run_address>
         <size>0x60</size>
         <input_file_ref idref="fl-2"/>
      </object_component>
      <object_component id="oc-c7">
         <name>.debug_aranges</name>
         <load_address>0x448</load_address>
         <run_address>0x448</run_address>
         <size>0x30</size>
         <input_file_ref idref="fl-13a"/>
      </object_component>
      <object_component id="oc-dc">
         <name>.debug_aranges</name>
         <load_address>0x478</load_address>
         <run_address>0x478</run_address>
         <size>0x48</size>
         <input_file_ref idref="fl-144"/>
      </object_component>
      <object_component id="oc-f0">
         <name>.debug_aranges</name>
         <load_address>0x4c0</load_address>
         <run_address>0x4c0</run_address>
         <size>0x28</size>
         <input_file_ref idref="fl-146"/>
      </object_component>
      <object_component id="oc-f5">
         <name>.debug_aranges</name>
         <load_address>0x4e8</load_address>
         <run_address>0x4e8</run_address>
         <size>0x20</size>
         <input_file_ref idref="fl-145"/>
      </object_component>
      <object_component id="oc-f8">
         <name>.debug_aranges</name>
         <load_address>0x508</load_address>
         <run_address>0x508</run_address>
         <size>0x88</size>
         <input_file_ref idref="fl-143"/>
      </object_component>
      <object_component id="oc-104">
         <name>.debug_aranges</name>
         <load_address>0x590</load_address>
         <run_address>0x590</run_address>
         <size>0x90</size>
         <input_file_ref idref="fl-140"/>
      </object_component>
      <object_component id="oc-10b">
         <name>.debug_aranges</name>
         <load_address>0x620</load_address>
         <run_address>0x620</run_address>
         <size>0x90</size>
         <input_file_ref idref="fl-142"/>
      </object_component>
      <object_component id="oc-15">
         <name>.debug_line</name>
         <load_address>0x0</load_address>
         <run_address>0x0</run_address>
         <size>0x4f</size>
         <input_file_ref idref="fl-133"/>
      </object_component>
      <object_component id="oc-1a">
         <name>.debug_line</name>
         <load_address>0x4f</load_address>
         <run_address>0x4f</run_address>
         <size>0x55</size>
         <input_file_ref idref="fl-134"/>
      </object_component>
      <object_component id="oc-1d">
         <name>.debug_line</name>
         <load_address>0xa4</load_address>
         <run_address>0xa4</run_address>
         <size>0x4c</size>
         <input_file_ref idref="fl-136"/>
      </object_component>
      <object_component id="oc-27">
         <name>.debug_line</name>
         <load_address>0xf0</load_address>
         <run_address>0xf0</run_address>
         <size>0x4b</size>
         <input_file_ref idref="fl-135"/>
      </object_component>
      <object_component id="oc-2e">
         <name>.debug_line</name>
         <load_address>0x13b</load_address>
         <run_address>0x13b</run_address>
         <size>0xac</size>
         <input_file_ref idref="fl-5"/>
      </object_component>
      <object_component id="oc-30">
         <name>.debug_line</name>
         <load_address>0x1e7</load_address>
         <run_address>0x1e7</run_address>
         <size>0x34</size>
         <input_file_ref idref="fl-5"/>
      </object_component>
      <object_component id="oc-36">
         <name>.debug_line</name>
         <load_address>0x21b</load_address>
         <run_address>0x21b</run_address>
         <size>0x87</size>
         <input_file_ref idref="fl-13c"/>
      </object_component>
      <object_component id="oc-39">
         <name>.debug_line</name>
         <load_address>0x2a2</load_address>
         <run_address>0x2a2</run_address>
         <size>0x50</size>
         <input_file_ref idref="fl-13b"/>
      </object_component>
      <object_component id="oc-41">
         <name>.debug_line</name>
         <load_address>0x2f2</load_address>
         <run_address>0x2f2</run_address>
         <size>0x7a</size>
         <input_file_ref idref="fl-137"/>
      </object_component>
      <object_component id="oc-4b">
         <name>.debug_line</name>
         <load_address>0x36c</load_address>
         <run_address>0x36c</run_address>
         <size>0x88</size>
         <input_file_ref idref="fl-138"/>
      </object_component>
      <object_component id="oc-50">
         <name>.debug_line</name>
         <load_address>0x3f4</load_address>
         <run_address>0x3f4</run_address>
         <size>0x3a</size>
         <input_file_ref idref="fl-134"/>
      </object_component>
      <object_component id="oc-57">
         <name>.debug_line</name>
         <load_address>0x42e</load_address>
         <run_address>0x42e</run_address>
         <size>0x34</size>
         <input_file_ref idref="fl-136"/>
      </object_component>
      <object_component id="oc-5c">
         <name>.debug_line</name>
         <load_address>0x462</load_address>
         <run_address>0x462</run_address>
         <size>0x8c</size>
         <input_file_ref idref="fl-135"/>
      </object_component>
      <object_component id="oc-65">
         <name>.debug_line</name>
         <load_address>0x4ee</load_address>
         <run_address>0x4ee</run_address>
         <size>0x39</size>
         <input_file_ref idref="fl-135"/>
      </object_component>
      <object_component id="oc-69">
         <name>.debug_line</name>
         <load_address>0x527</load_address>
         <run_address>0x527</run_address>
         <size>0x34</size>
         <input_file_ref idref="fl-5"/>
      </object_component>
      <object_component id="oc-6d">
         <name>.debug_line</name>
         <load_address>0x55b</load_address>
         <run_address>0x55b</run_address>
         <size>0x20</size>
         <input_file_ref idref="fl-2"/>
      </object_component>
      <object_component id="oc-74">
         <name>.debug_line</name>
         <load_address>0x57b</load_address>
         <run_address>0x57b</run_address>
         <size>0x6d</size>
         <input_file_ref idref="fl-13d"/>
      </object_component>
      <object_component id="oc-7a">
         <name>.debug_line</name>
         <load_address>0x5e8</load_address>
         <run_address>0x5e8</run_address>
         <size>0x68</size>
         <input_file_ref idref="fl-3"/>
      </object_component>
      <object_component id="oc-88">
         <name>.debug_line</name>
         <load_address>0x650</load_address>
         <run_address>0x650</run_address>
         <size>0x33</size>
         <input_file_ref idref="fl-139"/>
      </object_component>
      <object_component id="oc-8d">
         <name>.debug_line</name>
         <load_address>0x683</load_address>
         <run_address>0x683</run_address>
         <size>0x44</size>
         <input_file_ref idref="fl-134"/>
      </object_component>
      <object_component id="oc-90">
         <name>.debug_line</name>
         <load_address>0x6c7</load_address>
         <run_address>0x6c7</run_address>
         <size>0x20</size>
         <input_file_ref idref="fl-134"/>
      </object_component>
      <object_component id="oc-94">
         <name>.debug_line</name>
         <load_address>0x6e7</load_address>
         <run_address>0x6e7</run_address>
         <size>0x44</size>
         <input_file_ref idref="fl-136"/>
      </object_component>
      <object_component id="oc-97">
         <name>.debug_line</name>
         <load_address>0x72b</load_address>
         <run_address>0x72b</run_address>
         <size>0x20</size>
         <input_file_ref idref="fl-136"/>
      </object_component>
      <object_component id="oc-9a">
         <name>.debug_line</name>
         <load_address>0x74b</load_address>
         <run_address>0x74b</run_address>
         <size>0x20</size>
         <input_file_ref idref="fl-135"/>
      </object_component>
      <object_component id="oc-9e">
         <name>.debug_line</name>
         <load_address>0x76b</load_address>
         <run_address>0x76b</run_address>
         <size>0x2ba</size>
         <input_file_ref idref="fl-141"/>
      </object_component>
      <object_component id="oc-a7">
         <name>.debug_line</name>
         <load_address>0xa25</load_address>
         <run_address>0xa25</run_address>
         <size>0x64d</size>
         <input_file_ref idref="fl-13f"/>
      </object_component>
      <object_component id="oc-aa">
         <name>.debug_line</name>
         <load_address>0x1072</load_address>
         <run_address>0x1072</run_address>
         <size>0x85</size>
         <input_file_ref idref="fl-4"/>
      </object_component>
      <object_component id="oc-b3">
         <name>.debug_line</name>
         <load_address>0x10f7</load_address>
         <run_address>0x10f7</run_address>
         <size>0x1a3</size>
         <input_file_ref idref="fl-2"/>
      </object_component>
      <object_component id="oc-bf">
         <name>.debug_line</name>
         <load_address>0x129a</load_address>
         <run_address>0x129a</run_address>
         <size>0x2b</size>
         <input_file_ref idref="fl-13b"/>
      </object_component>
      <object_component id="oc-c3">
         <name>.debug_line</name>
         <load_address>0x12c5</load_address>
         <run_address>0x12c5</run_address>
         <size>0x2b</size>
         <input_file_ref idref="fl-13b"/>
      </object_component>
      <object_component id="oc-ca">
         <name>.debug_line</name>
         <load_address>0x12f0</load_address>
         <run_address>0x12f0</run_address>
         <size>0x66</size>
         <input_file_ref idref="fl-13a"/>
      </object_component>
      <object_component id="oc-cc">
         <name>.debug_line</name>
         <load_address>0x1356</load_address>
         <run_address>0x1356</run_address>
         <size>0x2b</size>
         <input_file_ref idref="fl-13a"/>
      </object_component>
      <object_component id="oc-d0">
         <name>.debug_line</name>
         <load_address>0x1381</load_address>
         <run_address>0x1381</run_address>
         <size>0x2a</size>
         <input_file_ref idref="fl-137"/>
      </object_component>
      <object_component id="oc-d2">
         <name>.debug_line</name>
         <load_address>0x13ab</load_address>
         <run_address>0x13ab</run_address>
         <size>0x43</size>
         <input_file_ref idref="fl-137"/>
      </object_component>
      <object_component id="oc-d4">
         <name>.debug_line</name>
         <load_address>0x13ee</load_address>
         <run_address>0x13ee</run_address>
         <size>0x51</size>
         <input_file_ref idref="fl-13d"/>
      </object_component>
      <object_component id="oc-d8">
         <name>.debug_line</name>
         <load_address>0x143f</load_address>
         <run_address>0x143f</run_address>
         <size>0x45</size>
         <input_file_ref idref="fl-13d"/>
      </object_component>
      <object_component id="oc-de">
         <name>.debug_line</name>
         <load_address>0x1484</load_address>
         <run_address>0x1484</run_address>
         <size>0xea</size>
         <input_file_ref idref="fl-144"/>
      </object_component>
      <object_component id="oc-ea">
         <name>.debug_line</name>
         <load_address>0x156e</load_address>
         <run_address>0x156e</run_address>
         <size>0x4d</size>
         <input_file_ref idref="fl-2"/>
      </object_component>
      <object_component id="oc-f1">
         <name>.debug_line</name>
         <load_address>0x15bb</load_address>
         <run_address>0x15bb</run_address>
         <size>0x118</size>
         <input_file_ref idref="fl-146"/>
      </object_component>
      <object_component id="oc-f6">
         <name>.debug_line</name>
         <load_address>0x16d3</load_address>
         <run_address>0x16d3</run_address>
         <size>0x47</size>
         <input_file_ref idref="fl-145"/>
      </object_component>
      <object_component id="oc-fc">
         <name>.debug_line</name>
         <load_address>0x171a</load_address>
         <run_address>0x171a</run_address>
         <size>0x25c</size>
         <input_file_ref idref="fl-143"/>
      </object_component>
      <object_component id="oc-107">
         <name>.debug_line</name>
         <load_address>0x1976</load_address>
         <run_address>0x1976</run_address>
         <size>0x205</size>
         <input_file_ref idref="fl-140"/>
      </object_component>
      <object_component id="oc-10a">
         <name>.debug_line</name>
         <load_address>0x1b7b</load_address>
         <run_address>0x1b7b</run_address>
         <size>0x24d</size>
         <input_file_ref idref="fl-142"/>
      </object_component>
      <object_component id="oc-119">
         <name>.debug_line</name>
         <load_address>0x1dc8</load_address>
         <run_address>0x1dc8</run_address>
         <size>0x2d</size>
         <input_file_ref idref="fl-3"/>
      </object_component>
      <object_component id="oc-11b">
         <name>.debug_line</name>
         <load_address>0x1df5</load_address>
         <run_address>0x1df5</run_address>
         <size>0x10e</size>
         <input_file_ref idref="fl-3"/>
      </object_component>
      <object_component id="oc-11e">
         <name>.debug_line</name>
         <load_address>0x1f03</load_address>
         <run_address>0x1f03</run_address>
         <size>0x20</size>
         <input_file_ref idref="fl-13a"/>
      </object_component>
      <object_component id="oc-121">
         <name>.debug_line</name>
         <load_address>0x1f23</load_address>
         <run_address>0x1f23</run_address>
         <size>0x4d</size>
         <input_file_ref idref="fl-141"/>
      </object_component>
      <object_component id="oc-123">
         <name>.debug_line</name>
         <load_address>0x1f70</load_address>
         <run_address>0x1f70</run_address>
         <size>0x4d</size>
         <input_file_ref idref="fl-141"/>
      </object_component>
      <object_component id="oc-125">
         <name>.debug_line</name>
         <load_address>0x1fbd</load_address>
         <run_address>0x1fbd</run_address>
         <size>0x47</size>
         <input_file_ref idref="fl-141"/>
      </object_component>
      <object_component id="oc-133">
         <name>.debug_line</name>
         <load_address>0x2004</load_address>
         <run_address>0x2004</run_address>
         <size>0x49</size>
         <input_file_ref idref="fl-13f"/>
      </object_component>
      <object_component id="oc-136">
         <name>.debug_line</name>
         <load_address>0x204d</load_address>
         <run_address>0x204d</run_address>
         <size>0x48</size>
         <input_file_ref idref="fl-13f"/>
      </object_component>
      <object_component id="oc-138">
         <name>.debug_line</name>
         <load_address>0x2095</load_address>
         <run_address>0x2095</run_address>
         <size>0x9d</size>
         <input_file_ref idref="fl-13f"/>
      </object_component>
      <object_component id="oc-13c">
         <name>.debug_line</name>
         <load_address>0x2132</load_address>
         <run_address>0x2132</run_address>
         <size>0x4f</size>
         <input_file_ref idref="fl-2"/>
      </object_component>
      <object_component id="oc-146">
         <name>.debug_line</name>
         <load_address>0x2181</load_address>
         <run_address>0x2181</run_address>
         <size>0x30</size>
         <input_file_ref idref="fl-2"/>
      </object_component>
      <object_component id="oc-148">
         <name>.debug_line</name>
         <load_address>0x21b1</load_address>
         <run_address>0x21b1</run_address>
         <size>0x5f</size>
         <input_file_ref idref="fl-2"/>
      </object_component>
      <object_component id="oc-14a">
         <name>.debug_line</name>
         <load_address>0x2210</load_address>
         <run_address>0x2210</run_address>
         <size>0x49</size>
         <input_file_ref idref="fl-143"/>
      </object_component>
      <object_component id="oc-14c">
         <name>.debug_line</name>
         <load_address>0x2259</load_address>
         <run_address>0x2259</run_address>
         <size>0x49</size>
         <input_file_ref idref="fl-143"/>
      </object_component>
      <object_component id="oc-14e">
         <name>.debug_line</name>
         <load_address>0x22a2</load_address>
         <run_address>0x22a2</run_address>
         <size>0x76</size>
         <input_file_ref idref="fl-143"/>
      </object_component>
      <object_component id="oc-150">
         <name>.debug_line</name>
         <load_address>0x2318</load_address>
         <run_address>0x2318</run_address>
         <size>0x47</size>
         <input_file_ref idref="fl-140"/>
      </object_component>
      <object_component id="oc-152">
         <name>.debug_line</name>
         <load_address>0x235f</load_address>
         <run_address>0x235f</run_address>
         <size>0x20</size>
         <input_file_ref idref="fl-140"/>
      </object_component>
      <object_component id="oc-154">
         <name>.debug_line</name>
         <load_address>0x237f</load_address>
         <run_address>0x237f</run_address>
         <size>0x4d</size>
         <input_file_ref idref="fl-142"/>
      </object_component>
      <object_component id="oc-1b">
         <name>.debug_frame</name>
         <load_address>0x0</load_address>
         <run_address>0x0</run_address>
         <size>0x7f</size>
         <input_file_ref idref="fl-134"/>
      </object_component>
      <object_component id="oc-21">
         <name>.debug_frame</name>
         <load_address>0x7f</load_address>
         <run_address>0x7f</run_address>
         <size>0x7f</size>
         <input_file_ref idref="fl-136"/>
      </object_component>
      <object_component id="oc-23">
         <name>.debug_frame</name>
         <load_address>0xfe</load_address>
         <run_address>0xfe</run_address>
         <size>0x7f</size>
         <input_file_ref idref="fl-135"/>
      </object_component>
      <object_component id="oc-2d">
         <name>.debug_frame</name>
         <load_address>0x17d</load_address>
         <run_address>0x17d</run_address>
         <size>0xc3</size>
         <input_file_ref idref="fl-5"/>
      </object_component>
      <object_component id="oc-3c">
         <name>.debug_frame</name>
         <load_address>0x240</load_address>
         <run_address>0x240</run_address>
         <size>0x7f</size>
         <input_file_ref idref="fl-13b"/>
      </object_component>
      <object_component id="oc-42">
         <name>.debug_frame</name>
         <load_address>0x2bf</load_address>
         <run_address>0x2bf</run_address>
         <size>0xb3</size>
         <input_file_ref idref="fl-137"/>
      </object_component>
      <object_component id="oc-5b">
         <name>.debug_frame</name>
         <load_address>0x372</load_address>
         <run_address>0x372</run_address>
         <size>0x8a</size>
         <input_file_ref idref="fl-135"/>
      </object_component>
      <object_component id="oc-70">
         <name>.debug_frame</name>
         <load_address>0x3fc</load_address>
         <run_address>0x3fc</run_address>
         <size>0x8a</size>
         <input_file_ref idref="fl-13d"/>
      </object_component>
      <object_component id="oc-7b">
         <name>.debug_frame</name>
         <load_address>0x486</load_address>
         <run_address>0x486</run_address>
         <size>0x9e</size>
         <input_file_ref idref="fl-3"/>
      </object_component>
      <object_component id="oc-a2">
         <name>.debug_frame</name>
         <load_address>0x524</load_address>
         <run_address>0x524</run_address>
         <size>0x19e</size>
         <input_file_ref idref="fl-141"/>
      </object_component>
      <object_component id="oc-a8">
         <name>.debug_frame</name>
         <load_address>0x6c2</load_address>
         <run_address>0x6c2</run_address>
         <size>0x406</size>
         <input_file_ref idref="fl-13f"/>
      </object_component>
      <object_component id="oc-ab">
         <name>.debug_frame</name>
         <load_address>0xac8</load_address>
         <run_address>0xac8</run_address>
         <size>0x88</size>
         <input_file_ref idref="fl-4"/>
      </object_component>
      <object_component id="oc-b4">
         <name>.debug_frame</name>
         <load_address>0xb50</load_address>
         <run_address>0xb50</run_address>
         <size>0x153</size>
         <input_file_ref idref="fl-2"/>
      </object_component>
      <object_component id="oc-c9">
         <name>.debug_frame</name>
         <load_address>0xca3</load_address>
         <run_address>0xca3</run_address>
         <size>0xa1</size>
         <input_file_ref idref="fl-13a"/>
      </object_component>
      <object_component id="oc-df">
         <name>.debug_frame</name>
         <load_address>0xd44</load_address>
         <run_address>0xd44</run_address>
         <size>0x9a</size>
         <input_file_ref idref="fl-144"/>
      </object_component>
      <object_component id="oc-fb">
         <name>.debug_frame</name>
         <load_address>0xdde</load_address>
         <run_address>0xdde</run_address>
         <size>0x167</size>
         <input_file_ref idref="fl-143"/>
      </object_component>
      <object_component id="oc-106">
         <name>.debug_frame</name>
         <load_address>0xf45</load_address>
         <run_address>0xf45</run_address>
         <size>0x1b4</size>
         <input_file_ref idref="fl-140"/>
      </object_component>
      <object_component id="oc-109">
         <name>.debug_frame</name>
         <load_address>0x10f9</load_address>
         <run_address>0x10f9</run_address>
         <size>0x18d</size>
         <input_file_ref idref="fl-142"/>
      </object_component>
      <object_component id="oc-2f">
         <name>.debug_abbrev</name>
         <load_address>0x0</load_address>
         <run_address>0x0</run_address>
         <size>0x29</size>
         <input_file_ref idref="fl-5"/>
      </object_component>
      <object_component id="oc-46">
         <name>.debug_abbrev</name>
         <load_address>0x29</load_address>
         <run_address>0x29</run_address>
         <size>0x3d</size>
         <input_file_ref idref="fl-133"/>
      </object_component>
      <object_component id="oc-4c">
         <name>.debug_abbrev</name>
         <load_address>0x66</load_address>
         <run_address>0x66</run_address>
         <size>0x74</size>
         <input_file_ref idref="fl-134"/>
      </object_component>
      <object_component id="oc-4f">
         <name>.debug_abbrev</name>
         <load_address>0xda</load_address>
         <run_address>0xda</run_address>
         <size>0x24</size>
         <input_file_ref idref="fl-134"/>
      </object_component>
      <object_component id="oc-53">
         <name>.debug_abbrev</name>
         <load_address>0xfe</load_address>
         <run_address>0xfe</run_address>
         <size>0x6f</size>
         <input_file_ref idref="fl-136"/>
      </object_component>
      <object_component id="oc-56">
         <name>.debug_abbrev</name>
         <load_address>0x16d</load_address>
         <run_address>0x16d</run_address>
         <size>0x24</size>
         <input_file_ref idref="fl-136"/>
      </object_component>
      <object_component id="oc-60">
         <name>.debug_abbrev</name>
         <load_address>0x191</load_address>
         <run_address>0x191</run_address>
         <size>0x74</size>
         <input_file_ref idref="fl-135"/>
      </object_component>
      <object_component id="oc-64">
         <name>.debug_abbrev</name>
         <load_address>0x205</load_address>
         <run_address>0x205</run_address>
         <size>0x24</size>
         <input_file_ref idref="fl-135"/>
      </object_component>
      <object_component id="oc-67">
         <name>.debug_abbrev</name>
         <load_address>0x229</load_address>
         <run_address>0x229</run_address>
         <size>0xa2</size>
         <input_file_ref idref="fl-5"/>
      </object_component>
      <object_component id="oc-68">
         <name>.debug_abbrev</name>
         <load_address>0x2cb</load_address>
         <run_address>0x2cb</run_address>
         <size>0x54</size>
         <input_file_ref idref="fl-5"/>
      </object_component>
      <object_component id="oc-6c">
         <name>.debug_abbrev</name>
         <load_address>0x31f</load_address>
         <run_address>0x31f</run_address>
         <size>0x1f</size>
         <input_file_ref idref="fl-2"/>
      </object_component>
      <object_component id="oc-75">
         <name>.debug_abbrev</name>
         <load_address>0x33e</load_address>
         <run_address>0x33e</run_address>
         <size>0x80</size>
         <input_file_ref idref="fl-13c"/>
      </object_component>
      <object_component id="oc-7c">
         <name>.debug_abbrev</name>
         <load_address>0x3be</load_address>
         <run_address>0x3be</run_address>
         <size>0x68</size>
         <input_file_ref idref="fl-13b"/>
      </object_component>
      <object_component id="oc-84">
         <name>.debug_abbrev</name>
         <load_address>0x426</load_address>
         <run_address>0x426</run_address>
         <size>0xba</size>
         <input_file_ref idref="fl-137"/>
      </object_component>
      <object_component id="oc-87">
         <name>.debug_abbrev</name>
         <load_address>0x4e0</load_address>
         <run_address>0x4e0</run_address>
         <size>0x27</size>
         <input_file_ref idref="fl-139"/>
      </object_component>
      <object_component id="oc-89">
         <name>.debug_abbrev</name>
         <load_address>0x507</load_address>
         <run_address>0x507</run_address>
         <size>0x3d</size>
         <input_file_ref idref="fl-138"/>
      </object_component>
      <object_component id="oc-8c">
         <name>.debug_abbrev</name>
         <load_address>0x544</load_address>
         <run_address>0x544</run_address>
         <size>0x24</size>
         <input_file_ref idref="fl-134"/>
      </object_component>
      <object_component id="oc-8f">
         <name>.debug_abbrev</name>
         <load_address>0x568</load_address>
         <run_address>0x568</run_address>
         <size>0x4c</size>
         <input_file_ref idref="fl-134"/>
      </object_component>
      <object_component id="oc-93">
         <name>.debug_abbrev</name>
         <load_address>0x5b4</load_address>
         <run_address>0x5b4</run_address>
         <size>0x24</size>
         <input_file_ref idref="fl-136"/>
      </object_component>
      <object_component id="oc-96">
         <name>.debug_abbrev</name>
         <load_address>0x5d8</load_address>
         <run_address>0x5d8</run_address>
         <size>0x2c</size>
         <input_file_ref idref="fl-136"/>
      </object_component>
      <object_component id="oc-98">
         <name>.debug_abbrev</name>
         <load_address>0x604</load_address>
         <run_address>0x604</run_address>
         <size>0x6d</size>
         <input_file_ref idref="fl-135"/>
      </object_component>
      <object_component id="oc-99">
         <name>.debug_abbrev</name>
         <load_address>0x671</load_address>
         <run_address>0x671</run_address>
         <size>0x2c</size>
         <input_file_ref idref="fl-135"/>
      </object_component>
      <object_component id="oc-9b">
         <name>.debug_abbrev</name>
         <load_address>0x69d</load_address>
         <run_address>0x69d</run_address>
         <size>0x8c</size>
         <input_file_ref idref="fl-13d"/>
      </object_component>
      <object_component id="oc-bd">
         <name>.debug_abbrev</name>
         <load_address>0x729</load_address>
         <run_address>0x729</run_address>
         <size>0x8d</size>
         <input_file_ref idref="fl-3"/>
      </object_component>
      <object_component id="oc-be">
         <name>.debug_abbrev</name>
         <load_address>0x7b6</load_address>
         <run_address>0x7b6</run_address>
         <size>0x8e</size>
         <input_file_ref idref="fl-13b"/>
      </object_component>
      <object_component id="oc-c2">
         <name>.debug_abbrev</name>
         <load_address>0x844</load_address>
         <run_address>0x844</run_address>
         <size>0x49</size>
         <input_file_ref idref="fl-13b"/>
      </object_component>
      <object_component id="oc-cb">
         <name>.debug_abbrev</name>
         <load_address>0x88d</load_address>
         <run_address>0x88d</run_address>
         <size>0x29</size>
         <input_file_ref idref="fl-13a"/>
      </object_component>
      <object_component id="oc-cf">
         <name>.debug_abbrev</name>
         <load_address>0x8b6</load_address>
         <run_address>0x8b6</run_address>
         <size>0x29</size>
         <input_file_ref idref="fl-137"/>
      </object_component>
      <object_component id="oc-d1">
         <name>.debug_abbrev</name>
         <load_address>0x8df</load_address>
         <run_address>0x8df</run_address>
         <size>0x6b</size>
         <input_file_ref idref="fl-137"/>
      </object_component>
      <object_component id="oc-d3">
         <name>.debug_abbrev</name>
         <load_address>0x94a</load_address>
         <run_address>0x94a</run_address>
         <size>0x8c</size>
         <input_file_ref idref="fl-13d"/>
      </object_component>
      <object_component id="oc-d7">
         <name>.debug_abbrev</name>
         <load_address>0x9d6</load_address>
         <run_address>0x9d6</run_address>
         <size>0x4b</size>
         <input_file_ref idref="fl-13d"/>
      </object_component>
      <object_component id="oc-e6">
         <name>.debug_abbrev</name>
         <load_address>0xa21</load_address>
         <run_address>0xa21</run_address>
         <size>0x15b</size>
         <input_file_ref idref="fl-141"/>
      </object_component>
      <object_component id="oc-e9">
         <name>.debug_abbrev</name>
         <load_address>0xb7c</load_address>
         <run_address>0xb7c</run_address>
         <size>0x24</size>
         <input_file_ref idref="fl-2"/>
      </object_component>
      <object_component id="oc-100">
         <name>.debug_abbrev</name>
         <load_address>0xba0</load_address>
         <run_address>0xba0</run_address>
         <size>0x105</size>
         <input_file_ref idref="fl-13f"/>
      </object_component>
      <object_component id="oc-10e">
         <name>.debug_abbrev</name>
         <load_address>0xca5</load_address>
         <run_address>0xca5</run_address>
         <size>0x5e</size>
         <input_file_ref idref="fl-4"/>
      </object_component>
      <object_component id="oc-117">
         <name>.debug_abbrev</name>
         <load_address>0xd03</load_address>
         <run_address>0xd03</run_address>
         <size>0xd6</size>
         <input_file_ref idref="fl-2"/>
      </object_component>
      <object_component id="oc-118">
         <name>.debug_abbrev</name>
         <load_address>0xdd9</load_address>
         <run_address>0xdd9</run_address>
         <size>0x27</size>
         <input_file_ref idref="fl-3"/>
      </object_component>
      <object_component id="oc-11a">
         <name>.debug_abbrev</name>
         <load_address>0xe00</load_address>
         <run_address>0xe00</run_address>
         <size>0xc2</size>
         <input_file_ref idref="fl-3"/>
      </object_component>
      <object_component id="oc-11c">
         <name>.debug_abbrev</name>
         <load_address>0xec2</load_address>
         <run_address>0xec2</run_address>
         <size>0x6f</size>
         <input_file_ref idref="fl-13a"/>
      </object_component>
      <object_component id="oc-11d">
         <name>.debug_abbrev</name>
         <load_address>0xf31</load_address>
         <run_address>0xf31</run_address>
         <size>0x45</size>
         <input_file_ref idref="fl-13a"/>
      </object_component>
      <object_component id="oc-11f">
         <name>.debug_abbrev</name>
         <load_address>0xf76</load_address>
         <run_address>0xf76</run_address>
         <size>0xf9</size>
         <input_file_ref idref="fl-144"/>
      </object_component>
      <object_component id="oc-120">
         <name>.debug_abbrev</name>
         <load_address>0x106f</load_address>
         <run_address>0x106f</run_address>
         <size>0x27</size>
         <input_file_ref idref="fl-141"/>
      </object_component>
      <object_component id="oc-122">
         <name>.debug_abbrev</name>
         <load_address>0x1096</load_address>
         <run_address>0x1096</run_address>
         <size>0x27</size>
         <input_file_ref idref="fl-141"/>
      </object_component>
      <object_component id="oc-124">
         <name>.debug_abbrev</name>
         <load_address>0x10bd</load_address>
         <run_address>0x10bd</run_address>
         <size>0x7a</size>
         <input_file_ref idref="fl-141"/>
      </object_component>
      <object_component id="oc-126">
         <name>.debug_abbrev</name>
         <load_address>0x1137</load_address>
         <run_address>0x1137</run_address>
         <size>0x6f</size>
         <input_file_ref idref="fl-146"/>
      </object_component>
      <object_component id="oc-127">
         <name>.debug_abbrev</name>
         <load_address>0x11a6</load_address>
         <run_address>0x11a6</run_address>
         <size>0x3b</size>
         <input_file_ref idref="fl-145"/>
      </object_component>
      <object_component id="oc-12e">
         <name>.debug_abbrev</name>
[...]
         <name>main_func_sp</name>
         <value>0x2001702c</value>
         <object_component_ref idref="oc-43"/>
      </symbol>
      <symbol id="sm-194">
         <name>_nop</name>
         <value>0x200064bf</value>
         <object_component_ref idref="oc-c5"/>
      </symbol>
      <symbol id="sm-195">
         <name>_lock</name>
         <value>0x2001701c</value>
         <object_component_ref idref="oc-7e"/>
      </symbol>
      <symbol id="sm-196">
         <name>_unlock</name>
         <value>0x20017020</value>
         <object_component_ref idref="oc-7e"/>
      </symbol>
      <symbol id="sm-197">
         <name>_register_lock</name>
         <value>0x200064b7</value>
         <object_component_ref idref="oc-c5"/>
      </symbol>
      <symbol id="sm-198">
         <name>_register_unlock</name>
         <value>0x200064b1</value>
         <object_component_ref idref="oc-c5"/>
      </symbol>
      <symbol id="sm-1ac">
         <name>_args_main</name>
         <value>0x20006499</value>
         <object_component_ref idref="oc-37"/>
      </symbol>
      <symbol id="sm-1c9">
         <name>__TI_auto_init</name>
         <value>0x200061e1</value>
         <object_component_ref idref="oc-32"/>
      </symbol>
      <symbol id="sm-1e2">
         <name>copy_in</name>
         <value>0x200063f1</value>
         <object_component_ref idref="oc-6f"/>
      </symbol>
      <symbol id="sm-1e6">
         <name>UtilsDelay</name>
         <value>0x200064f3</value>
         <object_component_ref idref="oc-b5"/>
      </symbol>
      <symbol id="sm-2a8">
         <name>PRCMLPDSWakeupSourceEnable</name>
         <value>0x2000462b</value>
         <object_component_ref idref="oc-a3"/>
      </symbol>
      <symbol id="sm-2a9">
         <name>PRCMLPDSRestoreInfoSet</name>
         <value>0x200045e3</value>
         <object_component_ref idref="oc-a3"/>
      </symbol>
      <symbol id="sm-2aa">
         <name>PRCMSRAMRetentionDisable</name>
         <value>0x20004715</value>
         <object_component_ref idref="oc-a3"/>
      </symbol>
      <symbol id="sm-2ab">
         <name>PRCMSlowClkCtrGet</name>
         <value>0x20004887</value>
         <object_component_ref idref="oc-a3"/>
      </symbol>
      <symbol id="sm-2ac">
         <name>PRCMPeripheralReset</name>
         <value>0x2000451b</value>
         <object_component_ref idref="oc-a3"/>
      </symbol>
      <symbol id="sm-2ad">
         <name>PRCMHibernateWakeupSourceDisable</name>
         <value>0x2000476f</value>
         <object_component_ref idref="oc-a3"/>
      </symbol>
      <symbol id="sm-2ae">
         <name>PRCMLPDSEnter</name>
         <value>0x200045fb</value>
         <object_component_ref idref="oc-a3"/>
      </symbol>
      <symbol id="sm-2af">
         <name>PRCMRTCInUseSet</name>
         <value>0x200049e3</value>
         <object_component_ref idref="oc-a3"/>
      </symbol>
      <symbol id="sm-2b0">
         <name>PRCMPeripheralClkEnable</name>
         <value>0x20004451</value>
         <object_component_ref idref="oc-a3"/>
      </symbol>
      <symbol id="sm-2b1">
         <name>PRCMIntEnable</name>
         <value>0x20004985</value>
         <object_component_ref idref="oc-a3"/>
      </symbol>
      <symbol id="sm-2b2">
         <name>PRCMIntDisable</name>
         <value>0x200049b9</value>
         <object_component_ref idref="oc-a3"/>
      </symbol>
      <symbol id="sm-2b3">
         <name>PRCMPeripheralClockGet</name>
         <value>0x2000449d</value>
         <object_component_ref idref="oc-a3"/>
      </symbol>
      <symbol id="sm-2b4">
         <name>PRCMSRAMRetentionEnable</name>
         <value>0x200046dd</value>
         <object_component_ref idref="oc-a3"/>
      </symbol>
      <symbol id="sm-2b5">
         <name>PRCMHibernateEnter</name>
         <value>0x20004877</value>
         <object_component_ref idref="oc-a3"/>
      </symbol>
      <symbol id="sm-2b6">
         <name>PRCMI2SClockFreqSet</name>
         <value>0x20004593</value>
         <object_component_ref idref="oc-a3"/>
      </symbol>
      <symbol id="sm-2b7">
         <name>PRCMHibernateIntervalSet</name>
         <value>0x200047b1</value>
         <object_component_ref idref="oc-a3"/>
      </symbol>
      <symbol id="sm-2b8">
         <name>PRCMRTCInUseGet</name>
         <value>0x200049f5</value>
         <object_component_ref idref="oc-a3"/>
      </symbol>
      <symbol id="sm-2b9">
         <name>PRCMCC3200MCUInit</name>
         <value>0x20004c75</value>
         <object_component_ref idref="oc-a3"/>
      </symbol>
      <symbol id="sm-2ba">
         <name>PRCMSlowClkCtrMatchGet</name>
         <value>0x200048e9</value>
         <object_component_ref idref="oc-a3"/>
      </symbol>
      <symbol id="sm-2bb">
         <name>PRCMHibernateWakeupCauseGet</name>
         <value>0x20004795</value>
         <object_component_ref idref="oc-a3"/>
      </symbol>
      <symbol id="sm-2bc">
         <name>PRCMIntStatus</name>
         <value>0x200049dd</value>
         <object_component_ref idref="oc-a3"/>
      </symbol>
      <symbol id="sm-2bd">
         <name>PRCMIntUnregister</name>
         <value>0x20004971</value>
         <object_component_ref idref="oc-a3"/>
      </symbol>
      <symbol id="sm-2be">
         <name>PRCMIntRegister</name>
         <value>0x2000495d</value>
         <object_component_ref idref="oc-a3"/>
      </symbol>
      <symbol id="sm-2bf">
         <name>PRCMHibernateWakeUpGPIOSelect</name>
         <value>0x20004825</value>
         <object_component_ref idref="oc-a3"/>
      </symbol>
      <symbol id="sm-2c0">
         <name>PRCMOCRRegisterRead</name>
         <value>0x20004943</value>
         <object_component_ref idref="oc-a3"/>
      </symbol>
      <symbol id="sm-2c1">
         <name>PRCMDeepSleepEnter</name>
         <value>0x200046ad</value>
         <object_component_ref idref="oc-a3"/>
      </symbol>
      <symbol id="sm-2c2">
         <name>PRCMRTCMatchSet</name>
         <value>0x20004b3d</value>
         <object_component_ref idref="oc-a3"/>
      </symbol>
      <symbol id="sm-2c3">
         <name>PRCMOCRRegisterWrite</name>
         <value>0x20004929</value>
         <object_component_ref idref="oc-a3"/>
      </symbol>
      <symbol id="sm-2c4">
         <name>PRCMSOCReset</name>
         <value>0x20004401</value>
         <object_component_ref idref="oc-a3"/>
      </symbol>
      <symbol id="sm-2c5">
         <name>PRCMLPDSIntervalSet</name>
         <value>0x20004667</value>
         <object_component_ref idref="oc-a3"/>
      </symbol>
      <symbol id="sm-2c6">
         <name>PRCMSysResetCauseGet</name>
         <value>0x2000442d</value>
         <object_component_ref idref="oc-a3"/>
      </symbol>
      <symbol id="sm-2c7">
         <name>PRCMRTCGet</name>
         <value>0x20004aa5</value>
         <object_component_ref idref="oc-a3"/>
      </symbol>
      <symbol id="sm-2c8">
         <name>PRCMSlowClkCtrMatchSet</name>
         <value>0x200048c1</value>
         <object_component_ref idref="oc-a3"/>
      </symbol>
      <symbol id="sm-2c9">
         <name>PRCMLPDSWakeupSourceDisable</name>
         <value>0x2000464d</value>
         <object_component_ref idref="oc-a3"/>
      </symbol>
      <symbol id="sm-2ca">
         <name>PRCMLPDSWakeupCauseGet</name>
         <value>0x20004661</value>
         <object_component_ref idref="oc-a3"/>
      </symbol>
      <symbol id="sm-2cb">
         <name>PRCMLPDSWakeUpGPIOSelect</name>
         <value>0x20004689</value>
         <object_component_ref idref="oc-a3"/>
      </symbol>
      <symbol id="sm-2cc">
         <name>PRCMSleepEnter</name>
         <value>0x200046a5</value>
         <object_component_ref idref="oc-a3"/>
      </symbol>
      <symbol id="sm-2cd">
         <name>PRCMPeripheralStatusGet</name>
         <value>0x20004569</value>
         <object_component_ref idref="oc-a3"/>
      </symbol>
      <symbol id="sm-2ce">
         <name>PRCMRTCMatchGet</name>
         <value>0x20004bd9</value>
         <object_component_ref idref="oc-a3"/>
      </symbol>
      <symbol id="sm-2cf">
         <name>PRCMHibernateWakeupSourceEnable</name>
         <value>0x20004749</value>
         <object_component_ref idref="oc-a3"/>
      </symbol>
      <symbol id="sm-2d0">
         <name>PRCMPeripheralClkDisable</name>
         <value>0x2000447d</value>
         <object_component_ref idref="oc-a3"/>
      </symbol>
      <symbol id="sm-2d1">
         <name>PRCMMCUReset</name>
         <value>0x2000440d</value>
         <object_component_ref idref="oc-a3"/>
      </symbol>
      <symbol id="sm-2d2">
         <name>PRCMRTCSet</name>
         <value>0x20004a15</value>
         <object_component_ref idref="oc-a3"/>
      </symbol>
      <symbol id="sm-2fc">
         <name>PinTypeCamera</name>
         <value>0x20005c83</value>
         <object_component_ref idref="oc-102"/>
      </symbol>
      <symbol id="sm-2fd">
         <name>PinTypeI2S</name>
         <value>0x20005c4f</value>
         <object_component_ref idref="oc-102"/>
      </symbol>
      <symbol id="sm-2fe">
         <name>PinTypeI2C</name>
         <value>0x20005c19</value>
         <object_component_ref idref="oc-102"/>
      </symbol>
      <symbol id="sm-2ff">
         <name>PinTypeUART</name>
         <value>0x20005bff</value>
         <object_component_ref idref="oc-102"/>
      </symbol>
      <symbol id="sm-300">
         <name>PinConfigGet</name>
         <value>0x20005b45</value>
         <object_component_ref idref="oc-102"/>
      </symbol>
      <symbol id="sm-301">
         <name>PinDirModeSet</name>
         <value>0x20005ae7</value>
         <object_component_ref idref="oc-102"/>
      </symbol>
      <symbol id="sm-302">
         <name>PinTypeADC</name>
         <value>0x20005ccd</value>
         <object_component_ref idref="oc-102"/>
      </symbol>
      <symbol id="sm-303">
         <name>PinTypeTimer</name>
         <value>0x20005c69</value>
         <object_component_ref idref="oc-102"/>
      </symbol>
      <symbol id="sm-304">
         <name>PinModeGet</name>
         <value>0x20005abd</value>
         <object_component_ref idref="oc-102"/>
      </symbol>
      <symbol id="sm-305">
         <name>PinTypeGPIO</name>
         <value>0x20005c9d</value>
         <object_component_ref idref="oc-102"/>
      </symbol>
      <symbol id="sm-306">
         <name>PinTypeSDHost</name>
         <value>0x20005ce1</value>
         <object_component_ref idref="oc-102"/>
      </symbol>
      <symbol id="sm-307">
         <name>PinConfigSet</name>
         <value>0x20005b83</value>
         <object_component_ref idref="oc-102"/>
      </symbol>
      <symbol id="sm-308">
         <name>PinDirModeGet</name>
         <value>0x20005b1b</value>
         <object_component_ref idref="oc-102"/>
      </symbol>
      <symbol id="sm-309">
         <name>PinTypeSPI</name>
         <value>0x20005c35</value>
         <object_component_ref idref="oc-102"/>
      </symbol>
      <symbol id="sm-30a">
         <name>PinModeSet</name>
         <value>0x20005a85</value>
         <object_component_ref idref="oc-102"/>
      </symbol>
      <symbol id="sm-361">
         <name>IntPendClear</name>
         <value>0x20005071</value>
         <object_component_ref idref="oc-9d"/>
      </symbol>
      <symbol id="sm-362">
         <name>IntPriorityGroupingGet</name>
         <value>0x20004e03</value>
         <object_component_ref idref="oc-9d"/>
      </symbol>
      <symbol id="sm-363">
         <name>IntPrioritySet</name>
         <value>0x20004e3b</value>
         <object_component_ref idref="oc-9d"/>
      </symbol>
      <symbol id="sm-364">
         <name>IntVTableBaseSet</name>
         <value>0x20004da3</value>
         <object_component_ref idref="oc-9d"/>
      </symbol>
      <symbol id="sm-365">
         <name>IntEnable</name>
         <value>0x20004eaf</value>
         <object_component_ref idref="oc-9d"/>
      </symbol>
      <symbol id="sm-366">
         <name>IntPriorityMaskSet</name>
         <value>0x200050c9</value>
         <object_component_ref idref="oc-9d"/>
      </symbol>
      <symbol id="sm-367">
         <name>IntPriorityGroupingSet</name>
         <value>0x20004de9</value>
         <object_component_ref idref="oc-9d"/>
      </symbol>
      <symbol id="sm-368">
         <name>IntDisable</name>
         <value>0x20004f49</value>
         <object_component_ref idref="oc-9d"/>
      </symbol>
      <symbol id="sm-369">
         <name>IntRegister</name>
         <value>0x20004db3</value>
         <object_component_ref idref="oc-9d"/>
      </symbol>
      <symbol id="sm-36a">
         <name>IntPriorityGet</name>
         <value>0x20004e8b</value>
         <object_component_ref idref="oc-9d"/>
      </symbol>
      <symbol id="sm-36b">
         <name>IntMasterDisable</name>
         <value>0x20004d99</value>
         <object_component_ref idref="oc-9d"/>
      </symbol>
      <symbol id="sm-36c">
         <name>IntUnregister</name>
         <value>0x20004dcf</value>
         <object_component_ref idref="oc-9d"/>
      </symbol>
      <symbol id="sm-36d">
         <name>IntPriorityMaskGet</name>
         <value>0x200050d5</value>
         <object_component_ref idref="oc-9d"/>
      </symbol>
      <symbol id="sm-36e">
         <name>IntMasterEnable</name>
         <value>0x20004d8f</value>
         <object_component_ref idref="oc-9d"/>
      </symbol>
      <symbol id="sm-36f">
         <name>IntPendSet</name>
         <value>0x20004fe3</value>
         <object_component_ref idref="oc-9d"/>
      </symbol>
      <symbol id="sm-3b2">
         <name>GPIOIntRegister</name>
         <value>0x20005653</value>
         <object_component_ref idref="oc-108"/>
      </symbol>
      <symbol id="sm-3b3">
         <name>GPIOIntDisable</name>
         <value>0x20005603</value>
         <object_component_ref idref="oc-108"/>
      </symbol>
      <symbol id="sm-3b4">
         <name>GPIODirModeGet</name>
         <value>0x200054cf</value>
         <object_component_ref idref="oc-108"/>
      </symbol>
      <symbol id="sm-3b5">
         <name>GPIOIntEnable</name>
         <value>0x200055e9</value>
         <object_component_ref idref="oc-108"/>
      </symbol>
      <symbol id="sm-3b6">
         <name>GPIOIntTypeSet</name>
         <value>0x20005501</value>
         <object_component_ref idref="oc-108"/>
      </symbol>
      <symbol id="sm-3b7">
         <name>GPIODMATriggerDisable</name>
         <value>0x2000571b</value>
         <object_component_ref idref="oc-108"/>
      </symbol>
      <symbol id="sm-3b8">
         <name>GPIOIntUnregister</name>
         <value>0x20005671</value>
         <object_component_ref idref="oc-108"/>
      </symbol>
      <symbol id="sm-3b9">
         <name>GPIOIntClear</name>
         <value>0x2000563f</value>
         <object_component_ref idref="oc-108"/>
      </symbol>
      <symbol id="sm-3ba">
         <name>GPIOIntStatus</name>
         <value>0x2000561d</value>
         <object_component_ref idref="oc-108"/>
      </symbol>
      <symbol id="sm-3bb">
         <name>GPIOIntTypeGet</name>
         <value>0x20005583</value>
         <object_component_ref idref="oc-108"/>
      </symbol>
      <symbol id="sm-3bc">
         <name>GPIOPinRead</name>
         <value>0x2000568b</value>
         <object_component_ref idref="oc-108"/>
      </symbol>
      <symbol id="sm-3bd">
         <name>GPIODirModeSet</name>
         <value>0x20005499</value>
         <object_component_ref idref="oc-108"/>
      </symbol>
      <symbol id="sm-3be">
         <name>GPIODMATriggerEnable</name>
         <value>0x200056c3</value>
         <object_component_ref idref="oc-108"/>
      </symbol>
      <symbol id="sm-3bf">
         <name>GPIOPinWrite</name>
         <value>0x200056a3</value>
         <object_component_ref idref="oc-108"/>
      </symbol>
      <symbol id="sm-418">
         <name>FlashErase</name>
         <value>0x200057bb</value>
         <object_component_ref idref="oc-f7"/>
      </symbol>
      <symbol id="sm-419">
         <name>FlashEraseNonBlocking</name>
         <value>0x200057f5</value>
         <object_component_ref idref="oc-f7"/>
      </symbol>
      <symbol id="sm-41a">
         <name>FlashIntStatus</name>
         <value>0x20005a15</value>
         <object_component_ref idref="oc-f7"/>
      </symbol>
      <symbol id="sm-41b">
         <name>FlashProgram</name>
         <value>0x2000584f</value>
         <object_component_ref idref="oc-f7"/>
      </symbol>
      <symbol id="sm-41c">
         <name>FlashDisable</name>
         <value>0x20005785</value>
         <object_component_ref idref="oc-f7"/>
      </symbol>
      <symbol id="sm-41d">
         <name>FlashIntEnable</name>
         <value>0x200059ed</value>
         <object_component_ref idref="oc-f7"/>
      </symbol>
      <symbol id="sm-41e">
         <name>FlashIntUnregister</name>
         <value>0x200059dd</value>
         <object_component_ref idref="oc-f7"/>
      </symbol>
      <symbol id="sm-41f">
         <name>FlashProtectGet</name>
         <value>0x20005953</value>
         <object_component_ref idref="oc-f7"/>
      </symbol>
      <symbol id="sm-420">
         <name>FlashMassErase</name>
         <value>0x20005813</value>
         <object_component_ref idref="oc-f7"/>
      </symbol>
      <symbol id="sm-421">
         <name>FlashProgramNonBlocking</name>
         <value>0x200058d1</value>
         <object_component_ref idref="oc-f7"/>
      </symbol>
      <symbol id="sm-422">
         <name>FlashIntClear</name>
         <value>0x20005a31</value>
         <object_component_ref idref="oc-f7"/>
      </symbol>
      <symbol id="sm-423">
         <name>FlashMassEraseNonBlocking</name>
         <value>0x2000583f</value>
         <object_component_ref idref="oc-f7"/>
      </symbol>
      <symbol id="sm-424">
         <name>FlashIntDisable</name>
         <value>0x20005a01</value>
         <object_component_ref idref="oc-f7"/>
      </symbol>
      <symbol id="sm-425">
         <name>FlashIntRegister</name>
         <value>0x200059c9</value>
         <object_component_ref idref="oc-f7"/>
      </symbol>
      <symbol id="sm-434">
         <name>CPUbasepriGet</name>
         <value>0x20006341</value>
         <object_component_ref idref="oc-da"/>
      </symbol>
      <symbol id="sm-435">
         <name>CPUbasepriSet</name>
         <value>0x2000632b</value>
         <object_component_ref idref="oc-da"/>
      </symbol>
      <symbol id="sm-436">
         <name>CPUprimask</name>
         <value>0x20006301</value>
         <object_component_ref idref="oc-da"/>
      </symbol>
      <symbol id="sm-437">
         <name>CPUcpsie</name>
         <value>0x2000630b</value>
         <object_component_ref idref="oc-da"/>
      </symbol>
      <symbol id="sm-438">
         <name>CPUcpsid</name>
         <value>0x200062ed</value>
         <object_component_ref idref="oc-da"/>
      </symbol>
      <symbol id="sm-439">
         <name>CPUwfi</name>
         <value>0x2000631f</value>
         <object_component_ref idref="oc-da"/>
      </symbol>
      <symbol id="sm-442">
         <name>__aeabi_llsr</name>
         <value>0x20006479</value>
         <object_component_ref idref="oc-f2"/>
      </symbol>
      <symbol id="sm-45e">
         <name>__aeabi_uldivmod</name>
         <value>0x20005f51</value>
         <object_component_ref idref="oc-ed"/>
      </symbol>
      <symbol id="sm-45f">
         <name>__TI_static_base__</name>
         <value>0x20006878</value>
      </symbol>
      <symbol id="sm-460">
         <name>__TI_args_main</name>
         <value>0x1</value>
      </symbol>
      <symbol id="sm-461">
         <name>SHT$$INIT_ARRAY$$Limit</name>
         <value>0x0</value>
      </symbol>
      <symbol id="sm-462">
         <name>SHT$$INIT_ARRAY$$Base</name>
         <value>0x0</value>
      </symbol>
   </symbol_table>
   <title>Link successful</title>
</link_info>
