******************************************************************************
                  TI ARM Linker PC v5.1.7                      
******************************************************************************
>> Linked Fri Sep 05 20:07:28 2014

OUTPUT FILE NAME:   <RemoteSwitch.out>
ENTRY POINT SYMBOL: "_c_int00"  address: 200063a9


MEMORY CONFIGURATION

         name            origin    length      used     unused   attr    fill
----------------------  --------  ---------  --------  --------  ----  --------
  SRAM_CODE             20004000   00012fff  000028bb  00010744  RW X
  SRAM_DATA             20017000   00019000  00000838  000187c8  RW X


SEGMENT ALLOCATION MAP

run origin  load origin   length   init length attrs members
----------  ----------- ---------- ----------- ----- -------
20004000    20004000    000028c0   000028c0    r-x
  20004000    20004000    00000400   00000400    r-- .intvecs
  20004400    20004400    000020fe   000020fe    r-x .text
  20006500    20006500    00000375   00000375    r-- .const
  20006878    20006878    00000048   00000048    r-- .cinit
20017000    20017000    00000038   00000000    rw-
  20017000    20017000    00000030   00000000    rw- .data
  20017030    20017030    00000008   00000000    rw- .bss
2002f800    2002f800    00000800   00000000    rw-
  2002f800    2002f800    00000800   00000000    rw- .stack


SECTION ALLOCATION MAP

 output                                  attributes/
section   page    origin      length       input sections
--------  ----  ----------  ----------   ----------------
.init_array 
*          0    20004000    00000000     UNINITIALIZED

.intvecs   0    20004000    00000400     
                  20004000    00000400     startup_ccs.obj (.intvecs)

.text      0    20004400    000020fe     
                  20004400    0000098c     driverlib.a : prcm.obj (.text)
                  20004d8c    00000370                 : interrupt.obj (.text)
                  200050fc    00000354     gpio_if.obj (.text)
                  20005450    00000334     driverlib.a : gpio.obj (.text)
                  20005784    00000300                 : flash.obj (.text)
                  20005a84    00000284                 : pin.obj (.text)
                  20005d08    00000248     pin_mux_config.obj (.text)
                  20005f50    000001f4     rtsv7M4_T_le_v4SPD16_eabi.lib : ull_div_t2.obj (.text)
                  20006144    0000009c                                   : memcpy_t2.obj (.text)
                  200061e0    00000094                                   : auto_init.obj (.text)
                  20006274    00000078     main.obj (.text)
                  200062ec    0000005e     driverlib.a : cpu.obj (.text)
                  2000634a    0000005e     rtsv7M4_T_le_v4SPD16_eabi.lib : copy_decompress_rle.obj (.text)
                  200063a8    00000048                                   : boot.obj (.text)
                  200063f0    00000044                                   : cpy_tbl.obj (.text)
                  20006434    00000044                                   : exit.obj (.text)
                  20006478    0000001e                                   : ll_lsr_t2.obj (.text)
                  20006496    00000002     --HOLE-- [fill = 0]
                  20006498    00000018                                   : args_main.obj (.text)
                  200064b0    00000014                                   : _lock.obj (.text)
                  200064c4    00000012                                   : copy_zero_init.obj (.text:decompress:ZI)
                  200064d6    0000000e                                   : copy_decompress_none.obj (.text:decompress:none)
                  200064e4    0000000e     startup_ccs.obj (.text)
                  200064f2    00000006     driverlib.a : utils.obj (.text:UtilsDelay)
                  200064f8    00000006     rtsv7M4_T_le_v4SPD16_eabi.lib : copy_decompress_rle.obj (.text:decompress:rle24)

.const     0    20006500    00000375     
                  20006500    00000100     driverlib.a : pin.obj (.const:g_ulPinToPadMap)
                  20006600    000000d4                 : interrupt.obj (.const:g_pulRegs)
                  200066d4    000000a0                 : prcm.obj (.const:PRCM_PeriphRegsList)
                  20006774    00000080                 : interrupt.obj (.const)
                  200067f4    00000040                 : flash.obj (.const:g_pulFMPPERegs)
                  20006834    00000040                 : flash.obj (.const:g_pulFMPRERegs)
                  20006874    00000001     main.obj (.const)

.cinit     0    20006878    00000048     
                  20006878    00000024     (.cinit..data.load) [load image, compression = rle]
                  2000689c    0000000c     (__TI_handler_table)
                  200068a8    00000008     (.cinit..bss.load) [load image, compression = zero_init]
                  200068b0    00000010     (__TI_cinit_table)

.data      0    20017000    00000030     UNINITIALIZED
                  20017000    0000001c     gpio_if.obj (.data)
                  2001701c    00000008     rtsv7M4_T_le_v4SPD16_eabi.lib : _lock.obj (.data)
                  20017024    00000008                                   : exit.obj (.data)
                  2001702c    00000004                                   : stkdepth_vars.obj (.data)

.bss       0    20017030    00000008     UNINITIALIZED
                  20017030    00000004     (.common:extLedPort)
                  20017034    00000001     (.common:extLedPin)
                  20017035    00000001     (.common:g_ucLED1Pin)
                  20017036    00000001     (.common:g_ucLED2Pin)
                  20017037    00000001     (.common:g_ucLED3Pin)

.stack     0    2002f800    00000800     UNINITIALIZED
                  2002f800    00000800     --HOLE--


LINKER GENERATED COPY TABLES

__TI_cinit_table @ 200068b0 records: 2, size/record: 8, table size: 16
	.data: load addr=20006878, load size=00000024 bytes, run addr=20017000, run size=00000030 bytes, compression=rle
	.bss: load addr=200068a8, load size=00000008 bytes, run addr=20017030, run size=00000008 bytes, compression=zero_init


LINKER GENERATED HANDLER TABLE

__TI_handler_table @ 2000689c records: 3, size/record: 4, table size: 12
	index: 0, handler: __TI_decompress_rle24
	index: 1, handler: __TI_decompress_none
	index: 2, handler: __TI_zero_init


GLOBAL SYMBOLS: SORTED ALPHABETICALLY BY Name 

address    name
--------   ----
20006435   C$$EXIT
20006341   CPUbasepriGet
2000632b   CPUbasepriSet
200062ed   CPUcpsid
2000630b   CPUcpsie
20006301   CPUprimask
2000631f   CPUwfi
20005785   FlashDisable
200057bb   FlashErase
200057f5   FlashEraseNonBlocking
20005a31   FlashIntClear
20005a01   FlashIntDisable
200059ed   FlashIntEnable
200059c9   FlashIntRegister
20005a15   FlashIntStatus
200059dd   FlashIntUnregister
20005813   FlashMassErase
2000583f   FlashMassEraseNonBlocking
2000584f   FlashProgram
200058d1   FlashProgramNonBlocking
20005953   FlashProtectGet
2000571b   GPIODMATriggerDisable
200056c3   GPIODMATriggerEnable
200054cf   GPIODirModeGet
20005499   GPIODirModeSet
2000563f   GPIOIntClear
20005603   GPIOIntDisable
200055e9   GPIOIntEnable
20005653   GPIOIntRegister
2000561d   GPIOIntStatus
20005583   GPIOIntTypeGet
20005501   GPIOIntTypeSet
20005671   GPIOIntUnregister
2000568b   GPIOPinRead
200056a3   GPIOPinWrite
20005381   GPIO_IF_ConfigureNIntEnable
200053f7   GPIO_IF_Get
2000533b   GPIO_IF_GetPortNPin
200050fd   GPIO_IF_LedConfigure
200051ef   GPIO_IF_LedOff
2000513b   GPIO_IF_LedOn
200052a3   GPIO_IF_LedStatus
2000530d   GPIO_IF_LedToggle
200053bd   GPIO_IF_Set
20004f49   IntDisable
20004eaf   IntEnable
20004d99   IntMasterDisable
20004d8f   IntMasterEnable
20005071   IntPendClear
20004fe3   IntPendSet
20004e8b   IntPriorityGet
20004e03   IntPriorityGroupingGet
20004de9   IntPriorityGroupingSet
200050d5   IntPriorityMaskGet
200050c9   IntPriorityMaskSet
20004e3b   IntPrioritySet
20004db3   IntRegister
20004dcf   IntUnregister
20004da3   IntVTableBaseSet
20004c75   PRCMCC3200MCUInit
200046ad   PRCMDeepSleepEnter
20004877   PRCMHibernateEnter
200047b1   PRCMHibernateIntervalSet
20004825   PRCMHibernateWakeUpGPIOSelect
20004795   PRCMHibernateWakeupCauseGet
2000476f   PRCMHibernateWakeupSourceDisable
20004749   PRCMHibernateWakeupSourceEnable
20004593   PRCMI2SClockFreqSet
200049b9   PRCMIntDisable
20004985   PRCMIntEnable
2000495d   PRCMIntRegister
200049dd   PRCMIntStatus
20004971   PRCMIntUnregister
200045fb   PRCMLPDSEnter
20004667   PRCMLPDSIntervalSet
200045e3   PRCMLPDSRestoreInfoSet
20004689   PRCMLPDSWakeUpGPIOSelect
20004661   PRCMLPDSWakeupCauseGet
2000464d   PRCMLPDSWakeupSourceDisable
2000462b   PRCMLPDSWakeupSourceEnable
2000440d   PRCMMCUReset
20004943   PRCMOCRRegisterRead
20004929   PRCMOCRRegisterWrite
2000447d   PRCMPeripheralClkDisable
20004451   PRCMPeripheralClkEnable
2000449d   PRCMPeripheralClockGet
2000451b   PRCMPeripheralReset
20004569   PRCMPeripheralStatusGet
20004aa5   PRCMRTCGet
200049f5   PRCMRTCInUseGet
200049e3   PRCMRTCInUseSet
20004bd9   PRCMRTCMatchGet
20004b3d   PRCMRTCMatchSet
20004a15   PRCMRTCSet
20004401   PRCMSOCReset
20004715   PRCMSRAMRetentionDisable
200046dd   PRCMSRAMRetentionEnable
200046a5   PRCMSleepEnter
20004887   PRCMSlowClkCtrGet
200048e9   PRCMSlowClkCtrMatchGet
200048c1   PRCMSlowClkCtrMatchSet
2000442d   PRCMSysResetCauseGet
20005b45   PinConfigGet
20005b83   PinConfigSet
20005b1b   PinDirModeGet
20005ae7   PinDirModeSet
20005abd   PinModeGet
20005a85   PinModeSet
20005d09   PinMuxConfig
20005ccd   PinTypeADC
20005c83   PinTypeCamera
20005c9d   PinTypeGPIO
20005c19   PinTypeI2C
20005c4f   PinTypeI2S
20005ce1   PinTypeSDHost
20005c35   PinTypeSPI
20005c69   PinTypeTimer
20005bff   PinTypeUART
200064e5   ResetISR
UNDEFED    SHT$$INIT_ARRAY$$Base
UNDEFED    SHT$$INIT_ARRAY$$Limit
20006275   SYS_Init
200064f3   UtilsDelay
20030000   __STACK_END
00000800   __STACK_SIZE
200068b0   __TI_CINIT_Base
200068c0   __TI_CINIT_Limit
2000689c   __TI_Handler_Table_Base
200068a8   __TI_Handler_Table_Limit
00000001   __TI_args_main
200061e1   __TI_auto_init
20017024   __TI_cleanup_ptr
200064d7   __TI_decompress_none
200064f9   __TI_decompress_rle24
20017028   __TI_dtors_ptr
20006878   __TI_static_base__
200064c5   __TI_zero_init
20006479   __aeabi_llsr
20006145   __aeabi_memcpy
20006145   __aeabi_memcpy4
20006145   __aeabi_memcpy8
20005f51   __aeabi_uldivmod
ffffffff   __binit__
ffffffff   __c_args__
2002f800   __stack
20006499   _args_main
200063a9   _c_int00
2001701c   _lock
200064bf   _nop
200064b7   _register_lock
200064b1   _register_unlock
20017020   _unlock
20006439   abort
ffffffff   binit
200063f1   copy_in
20006441   exit
20004000   g_pfnVectors
20017035   g_ucLED1Pin
20017036   g_ucLED2Pin
20017037   g_ucLED3Pin
20017010   g_uiLED1Port
20017014   g_uiLED2Port
20017018   g_uiLED3Port
2000628d   main
2001702c   main_func_sp
20006145   memcpy


GLOBAL SYMBOLS: SORTED BY Symbol Address 

address    name
--------   ----
00000001   __TI_args_main
00000800   __STACK_SIZE
20004000   g_pfnVectors
20004401   PRCMSOCReset
2000440d   PRCMMCUReset
2000442d   PRCMSysResetCauseGet
20004451   PRCMPeripheralClkEnable
2000447d   PRCMPeripheralClkDisable
2000449d   PRCMPeripheralClockGet
2000451b   PRCMPeripheralReset
20004569   PRCMPeripheralStatusGet
20004593   PRCMI2SClockFreqSet
200045e3   PRCMLPDSRestoreInfoSet
200045fb   PRCMLPDSEnter
2000462b   PRCMLPDSWakeupSourceEnable
2000464d   PRCMLPDSWakeupSourceDisable
20004661   PRCMLPDSWakeupCauseGet
20004667   PRCMLPDSIntervalSet
20004689   PRCMLPDSWakeUpGPIOSelect
200046a5   PRCMSleepEnter
200046ad   PRCMDeepSleepEnter
200046dd   PRCMSRAMRetentionEnable
20004715   PRCMSRAMRetentionDisable
20004749   PRCMHibernateWakeupSourceEnable
2000476f   PRCMHibernateWakeupSourceDisable
20004795   PRCMHibernateWakeupCauseGet
200047b1   PRCMHibernateIntervalSet
20004825   PRCMHibernateWakeUpGPIOSelect
20004877   PRCMHibernateEnter
20004887   PRCMSlowClkCtrGet
200048c1   PRCMSlowClkCtrMatchSet
200048e9   PRCMSlowClkCtrMatchGet
20004929   PRCMOCRRegisterWrite
20004943   PRCMOCRRegisterRead
2000495d   PRCMIntRegister
20004971   PRCMIntUnregister
20004985   PRCMIntEnable
200049b9   PRCMIntDisable
200049dd   PRCMIntStatus
200049e3   PRCMRTCInUseSet
200049f5   PRCMRTCInUseGet
20004a15   PRCMRTCSet
20004aa5   PRCMRTCGet
20004b3d   PRCMRTCMatchSet
20004bd9   PRCMRTCMatchGet
20004c75   PRCMCC3200MCUInit
20004d8f   IntMasterEnable
20004d99   IntMasterDisable
20004da3   IntVTableBaseSet
20004db3   IntRegister
20004dcf   IntUnregister
20004de9   IntPriorityGroupingSet
20004e03   IntPriorityGroupingGet
20004e3b   IntPrioritySet
20004e8b   IntPriorityGet
20004eaf   IntEnable
20004f49   IntDisable
20004fe3   IntPendSet
20005071   IntPendClear
200050c9   IntPriorityMaskSet
200050d5   IntPriorityMaskGet
200050fd   GPIO_IF_LedConfigure
2000513b   GPIO_IF_LedOn
200051ef   GPIO_IF_LedOff
200052a3   GPIO_IF_LedStatus
2000530d   GPIO_IF_LedToggle
2000533b   GPIO_IF_GetPortNPin
20005381   GPIO_IF_ConfigureNIntEnable
200053bd   GPIO_IF_Set
200053f7   GPIO_IF_Get
20005499   GPIODirModeSet
200054cf   GPIODirModeGet
20005501   GPIOIntTypeSet
20005583   GPIOIntTypeGet
200055e9   GPIOIntEnable
20005603   GPIOIntDisable
2000561d   GPIOIntStatus
2000563f   GPIOIntClear
20005653   GPIOIntRegister
20005671   GPIOIntUnregister
2000568b   GPIOPinRead
200056a3   GPIOPinWrite
200056c3   GPIODMATriggerEnable
2000571b   GPIODMATriggerDisable
20005785   FlashDisable
200057bb   FlashErase
200057f5   FlashEraseNonBlocking
20005813   FlashMassErase
2000583f   FlashMassEraseNonBlocking
2000584f   FlashProgram
200058d1   FlashProgramNonBlocking
20005953   FlashProtectGet
200059c9   FlashIntRegister
200059dd   FlashIntUnregister
200059ed   FlashIntEnable
20005a01   FlashIntDisable
20005a15   FlashIntStatus
20005a31   FlashIntClear
20005a85   PinModeSet
20005abd   PinModeGet
20005ae7   PinDirModeSet
20005b1b   PinDirModeGet
20005b45   PinConfigGet
20005b83   PinConfigSet
20005bff   PinTypeUART
20005c19   PinTypeI2C
20005c35   PinTypeSPI
20005c4f   PinTypeI2S
20005c69   PinTypeTimer
20005c83   PinTypeCamera
20005c9d   PinTypeGPIO
20005ccd   PinTypeADC
20005ce1   PinTypeSDHost
20005d09   PinMuxConfig
20005f51   __aeabi_uldivmod
20006145   __aeabi_memcpy
20006145   __aeabi_memcpy4
20006145   __aeabi_memcpy8
20006145   memcpy
200061e1   __TI_auto_init
20006275   SYS_Init
2000628d   main
200062ed   CPUcpsid
20006301   CPUprimask
2000630b   CPUcpsie
2000631f   CPUwfi
2000632b   CPUbasepriSet
20006341   CPUbasepriGet
200063a9   _c_int00
200063f1   copy_in
20006435   C$$EXIT
20006439   abort
20006441   exit
20006479   __aeabi_llsr
20006499   _args_main
200064b1   _register_unlock
200064b7   _register_lock
200064bf   _nop
200064c5   __TI_zero_init
200064d7   __TI_decompress_none
200064e5   ResetISR
200064f3   UtilsDelay
200064f9   __TI_decompress_rle24
20006878   __TI_static_base__
2000689c   __TI_Handler_Table_Base
200068a8   __TI_Handler_Table_Limit
200068b0   __TI_CINIT_Base
200068c0   __TI_CINIT_Limit
20017010   g_uiLED1Port
20017014   g_uiLED2Port
20017018   g_uiLED3Port
2001701c   _lock
20017020   _unlock
20017024   __TI_cleanup_ptr
20017028   __TI_dtors_ptr
2001702c   main_func_sp
20017035   g_ucLED1Pin
20017036   g_ucLED2Pin
20017037   g_ucLED3Pin
2002f800   __stack
20030000   __STACK_END
ffffffff   __binit__
ffffffff   __c_args__
ffffffff   binit
UNDEFED    SHT$$INIT_ARRAY$$Base
UNDEFED    SHT$$INIT_ARRAY$$Limit

[166 symbols]
